Můžete nastavit klíčové snímky i pro více vlastností vrstvy najednou.
Inteligentní objekty v souboru PSD jsou rastrovány a importovány do aplikace jako bitmapy, takže zůstane zachována jejich průhlednost.
Pomocí Adobe Bridge můžete vkládat soubory nebo složky do pracovních verzí webových stránek nebo položek blogu v programu Adobe Contribute.
Hodnota B určuje, jak je barva modrá nebo žlutá.
Chcete-li zmenšit velikost souboru, zkuste zmenšit počet objektů (včetně skupin) nebo je zjednodušte (méně bodů).
Aplikace automaticky převádí vložené speciální znaky na ekvivalentní metaznaky.
Dokončený prototyp můžete převést na funkční web prostým exportem do aplikace Adobe Flash®, Adobe Flex®, Adobe AIR™ nebo Adobe Dreamweaver®.
Zadejte limit úkosu mezi 1 a 500.
Kód jazyka ActionScript 3.0 podporuje dva typy komentářů: jednořádkový a víceřádkový.
Když umístíte textový kurzor do buňky nebo tabulky, všechny použité styly se zvýrazní v některém z panelů.
Chcete-li posunout objekt o určitou vzdálenost, můžete použít příkaz Posunout.
Pokud ve Photoshopu změníte rozměry obrazu, obraz se nemusí v PDF správně zarovnat.
Používejte akce objektů pro jednoduchý kód (jako je vytvoření navigace mezi obrazovkami) a externí soubory jazyka ActionScript pro složitější kód.
Umístění existujících slovníků se zobrazuje v předvolbách Slovník.
Nemají-li titulky atribut dur nebo end, titulky zmizí, když se objeví další titulky nebo když soubor FLV skončí.
Pokaždé, když klepnete na miniaturu, se ostatní miniatury změní.
Nezapomeňte před instalací sady komponent aplikaci ukončit.
Chcete-li změnit položku v zakončujícím snímku, proveďte libovolné z následujících úkonů:
Pro exportované obrazové soubory se standardně použije název zdrojového souboru.
Pro každý odstavec můžete vzhledem k odstavcům před ním a za ním určit, kam v seznamu patří.
Pokud jako Zdroj vyberete Sady dat, můžete nastavit volbu pro generování názvů souborů, když se nahrazují příkazy Uložit a Export:
Chcete-li po rozdělení cest kresbu změnit, musíte buď pracovat se samostatnými tvary nebo znovu cesty spojit, abyste mohli s obrazem pracovat jako s jedním tvarem.
Soubor odesílá data sledování do LMS prostřednictvím souborů sledování HTML/JavaScript.
Čísla stránek na stránkách dokumentu nemusí vždy souhlasit s čísly stránek, která se objevují pod miniaturami stránek a v pruhu nástrojů Navigace ve stránce.
Můžete se pokusit načíst hodnotu z pole nebo vektoru pomocí indexu, kde neexistují žádné elementy.
Na stránce dokumentu automatické číslo stránky zobrazí číslo stránky.
Klepnutím na Přiřadit přidejte k příkazu další klávesovou zkratku.
Obraz exportujte bez vyhlazení, pokud se objeví aureola nebo pokud umísťujete průhledný obraz PNG na vícebarevné pozadí.
Nejprve určete oddělovač mezi uvozovkami.
Definice stylu buňky zahrnuje atributy buňky, které budou popsány dále v tomto dokumentu, a také atribut .
Pro sloupcové, vrstvené sloupcové, pruhové, vrstvené pruhové, čárové, plošné a radarové grafy zadáte popisy do tabulky následujícím způsobem:
Malováním černou přidejte oblasti k masce; malováním bílou odkryjte více z obrazu.
Klepněte na záložku Volby, vyberte jednu z voleb pro ikony z nabídky Uspořádání a pak klepněte na Další volby.
Ve většině případů jsou příkazy aktualizace pro obsah, který jste si vyhradili, nedostupné, protože tento obsah by měl být vždy aktuální.
Tyto hodnoty jsou závislé na směru cesty trojúhelníku definující povrch daného objektu.
Chcete-li exportovat video jako soubor FLV, video vyberte a pak vyberte možnosti Knihovna > Vlastnosti.
Dostupné volby se mění v závislosti na verzi formátu, kterou vyberete nahoře v dialogovém okně.
Tyto ikony označují, zda byly k dvojstránce přidány funkce průhlednosti nebo přechodu stránky a zda je zobrazení dvojstránky otočené.
Přidá každou importovanou vrstvu do všech stavů v souboru aplikace Fireworks.
Když tisknete miniatury, vyloučí se tiskové značky a všechny prvky z oblastí spadávky anebo popisu.
K vložení na stránku aplikace Contribute nelze jako soubor SWF vybrat složku.
Další informace najdete v dokumentech v technickém centru Adobe PDF Technology Center na adrese http://www.adobe.com/go/learn_acr_pdftechnology_cz www.adobe.com/go/learn_acr_pdftechnology_cz (PDF, pouze v angličtině).
Kvantifikátor + označuje, že byl přiřazen minimálně jeden znak.
Animace snímek po snímku mění obsah scény v každém snímku a je nejvhodnější pro složité animace, ve kterých se obraz mění v každém snímku místo pouhého přemísťování přes scénu.
Z rozbalovací nabídky Hledat v dialogovém okně Najít element zvolte Neoznačené poznámky a klepněte na Hledat.
Vytvoří výslednou barvu s odstínem a sytostí základní barvy a světlostí míchané barvy.
Umístěte ukazatel nad prostřední vymezovač textu na cestě, až se vedle ukazatele objeví ikona prostředního vymezovače .
Na obrazovce e-mailu proveďte následující úkony a potom klepněte na tlačítko Odeslat:
Výstupní záměr popisuje charakteristiky reprodukce barev možného výstupního zařízení nebo produkčního prostředí, ve kterém se dokument tiskne.
Nebo podržte stisknutou klávesu Alt, dokud se ukazatel nezmění na nůžky a pak klepněte na vzorkovací bod.
Přetáhněte titulní pruh v panelu Jak na to.
Pokud jste například definovali jmenný prostor example1, můžete přistupovat k názvům v tomto jmenném prostoru pomocí use namespace example1:
Klepnutím na OK aplikujte změny.
Specialisté společnosti Adobe pravidelně webovou nápovědu aktualizují, další tipy a řešení najdete v komentářích uživatelů a moderátorů.
Vybraný obsah se objeví v pracovní verzi vaší položky blogu v programu Contribute nebo se do ní vloží odkaz na vybraný obsah.
Když je vybraná volba Obě osy, otisky stopy se rozmísťují hvězdicovitě.
Přetáhněte komponentu Button z panelu Komponenty na vymezenou plochu a v Inspektoru vlastností pro ni zadejte následující hodnoty:
Pokud ale přetáhnete více nesousedících snímků, umístí se snímky na novém místě vedle sebe.
Pokud ale přesunete objekt mimo vrstvu, tento objekt již nebude mít vržený stín, protože efekt patří k vrstvě a ne k jednotlivým objektům ve vrstvě.
Je-li třeba, definujte odstavcový styl pro styl buněk.
Zvolte příkaz Soubor > Informace o souboru.
Pokud váš prohlížeč zobrazí upozornění zabezpečení, přijměte certifikát.
Z nabídky ve spodní části panelu určete, zda chcete zarovnat nebo rozmístit objekty podle výběru, okrajů, stránky nebo dvojstránky.
Chcete-li vytvořit nový soubor PDF, vyberte volbu Převést do Adobe PDF.
Před použitím dalších funkcí usnadnění přístupu u dokumentu převeďte naskenované obrazy na vyhledatelný text pomocí optického rozpoznávání znaku (OCR).
V panelu Odstavec nebo v ovládacím panelu zadejte 0 do pole Počet řádků iniciály nebo Počet znaků iniciály.
Používá se pro efekty Vržený stín, Vnitřní stín, Vnější záře, Vnitřní záře a Prolnutí.
Tuto volbu můžete zapnout při odeslání souboru poskytovateli služeb.
Ve Windows XP nebo Vista vyhledejte spouštěcí disk \\Documents and Settings\\ user \\Local Settings\\Application Data\\Adobe\\Flash CS4\\ language \\Configuration\\HTML\\.
Aplikuje data barev dokumentu v kalibrované verzi původního barevného prostoru.
V sekci Přehled rozbalte vlastnost, aby se zobrazil seznam zdrojů.
Hodnoty 2 a 3 jsou k dispozici pouze pro účely skriptování.
Pro zadávání dvoubytových a čtyřbytových znaků můžete použít systémovou vstupní metodu, pokud je k dispozici.
Pokud máte na svém webu více předloh, spouštění Contribute může trvat delší dobu.
Po klepnutí na nejméně dva body klepněte na první bod, abyste uzavřeli měřenou plochu.
Některé mapy textur (například Difúze nebo Hrbolatý povrch) jsou založeny na 2D souborech, které dodávají určitou barvu nebo vzorek, ze kterých je textura vytvořena.
Chcete-li nalézt skutečně náhodný výsledek, použijte metodu Math.random() k předání náhodného čísla tomuto parametru.
Tento proces převede jiný typy souborů než PDF na formát PDF a poté k výslednému souboru PDF přidá Batesovo číslování.
Další informace viz Používání vrstev masek .
Společník příkazu if, příkaz else, umožňuje označit alternativní instrukce, které mají být provedeny pokud podmínka nemá hodnotu true:
Obvykle je rozsah průsvitek relativní vzhledem k ukazateli aktuálního snímku a značkám průsvitek.
Atributy druhého stylu ale můžete i přidat k atributům současného stylu.
Případnou délku zvukových dat můžete odhadnout pomocí vlastností bytesLoaded a bytesTotal objektu Sound a to takto:
V některých programovacích jazycích musíte navrhnout své vlastní časovací systémy pomocí smyčkových příkazů jako for nebo do..
Pokud textový procesor podporuje metodu přetažení, můžete také přetáhnout text do rámečků aplikace InDesign.
Pomocí skeneru a Acrobatu můžete vytvořit soubor PDF přímo z papírového dokumentu.
Můžete zvolit, zda chcete zobrazovat osu hodnot na jedné straně nebo na obou stranách grafu.
Přehrávání začíná s vypnutým vyhlazováním.
Zapište hodnotu do textového pole a stiskněte Enter (Windows) nebo Return (Mac OS).
Zadejte výstupní kvalitu exportovaných obrazů miniatur a obrazů v plné velikosti.
Vyberte libovolnou barvu na obrazovce.
Zadejte URL serveru, ke kterému se chcete připojit.
Pole barvy popředí a pozadí v paletě nástrojů se automaticky změní na černou a bílou.
V poli Tah v panelu nástrojů nebo v panelu Barvy vytáhněte kopii čáry požadovanou barvou.
Vyberte instanci symbolu ve vymezené ploše, klepněte pravým tlačítkem myši (systém Windows) nebo klávesou Ctrl (systém Macintosh) a z kontextové nabídky zvolte možnost Upravit.
Pokud se neobjeví, zvolte možnost Zarovnat z nabídky ovládacího panelu.
Generování náhledů s volbou Přesnější trvá déle.
Pokud vyberete více souborů ve složce, v dialogovém okně Vlastnosti sdíleného datového zdroje se objeví seznam názvů souborů.
Zobrazí znaky X indikující, zda budou jednotlivé prvky převedeny na záložky PDF.
Vyšší nastavení přenosové rychlosti (kódování na 80 Kbps nebo vyšší) se používá pro stereo, zatímco nižší nastavení přenosové rychlosti (kódování na 64 Kbps nebo nižší) se používá pro mono.
Zobrazí se informační okno s údajem o obvodu.
Student se přihlásí do LMS.
Tento dokument XML například obsahuje informace o hudebním albu:
Vzhledem k tomu, že můžete přetahovat instance tlačítka z knihovny symbolů do dokumentu, můžete změnit grafický vzhled jednoho tlačítka a automaticky aktualizovat vzhled všech instancí daného tlačítka v navigačním pruhu.
Pro otáčení výplně po 45 stupních podržte při přetahování stisknutou klávesu Shift.
Týkající se, související nebo vyjadřované číselným systémem se základem 16.
Až najdete požadovanou stránku nebo položku blogu, klepnutím na tlačítka Upravit stránku nebo Upravit položku v panelu nástrojů ji otevřete v editoru Contribute.
Přetáhněte komponentu TextInput na vymezenou plochu a poklepejte na ni, aby se otevřel její panel vzhledů.
Další informace o formátech souborů viz http://www.adobe.com/go/flashplayer_cz www.adobe.com/go/flashplayer_cz .
Chcete‑li zvolit vlastní nastavení rastrů, odznačte volbu Použít výchozí rastry tiskárny.
Pro proměnné typu Nahrazení obrazových bodů nastavte následující volby.
Uložte soubor XML ve formátu UTF‑8 (doporučeno), UTF‑16BE nebo UTF‑16LE.
Chcete‑li provést operace, které mění data obrazových bodů, můžete upravit obsah inteligentního objektu, klonovat novou vrstvu nad vrstvu inteligentního objektu, upravit duplikáty inteligentního objektu nebo vytvořit novou vrstvu.
V panelu Vzorník klepněte na tlačítko Nové políčko nebo z nabídky panelu Vzorník zvolte Nové políčko.
Pokud to soubor PPD pro tiskárnu dovoluje, můžete vybrat Vlastní a nastavit jinou velikost stránky v textových polích Šířka a Výška.
Pokud jste již určili jméno uživatele a chcete ho změnit, musíte zpřístupnit všechen obsah, který jste si vyhradili.
Například: http://www.
(Volitelně) V levém panelu v dialogovém okně Uložit Adobe PDF vyberte Všeobecné a nastavte obecné volby uložení souboru PDF.
Typ dat je také důležitý.
Výchozí nastavení trvanlivosti vodoznaku je navrženo tak, aby se dosáhlo kompromisu mezi trvanlivostí vodoznaku a jeho neviditelností ve většině obrazů.
Nyní předpokládejme, že uživatel 1 má připojení webu k oběma webům (www.mysite.com/intranet/ a www.mysite.com/intranet/marketing) a uživatel 2 má připojení pouze k webu marketing (www.mysite.com/intranet/marketing).
Vyberte miniaturu stránky odpovídající požadované stránce a v nabídce voleb zvolte Vlastnosti stránky.
Pokud obraz a mřížka deformace nemají stejnou velikost, velikost mřížky se přizpůsobí podle obrazu.
V Adobe Bridge poklepejte na složku (například Letáky nebo Katalogy), která obsahuje typ předlohy, kterou chcete otevřít.
Příkaz Hledat a nahradit můžete použít, abyste našli a nahradili atributy a efekty aplikované na objekty, grafické rámečky a textové rámečky.
Tato volba je ve výchozím nastavení zapnutá, když je vybraná volba Vložit s použitím předvoleb importu souborů AI.
Prvek nebude mít žádný název.
V panelu nástrojů poklepejte na pole Barva výplně a vyberte barvu v dialogovém okně Výběr barvy.
Chcete-li omezit transformaci kopie, táhněte se stisknutými klávesami Alt+Shift (Windows) nebo Option+Shift (Mac OS).
Tento efekt je podobný zvětšení nebo zmenšení obrázku pomocí lupy.
Export grafiky z aplikace Adobe® Fireworks® je dvoustupňový proces.
Pokud chcete pole rozmístit rovnoměrně mezi pole umístěné zcela vlevo a pole umístěné zcela vpravo, vyberte volbu Zarovnat, rozmístit nebo vystředit > Rozmístit vodorovně.
Můžete vybrat barvu a krytí roviny.
Formáty U3D a KMZ podporují jako formáty textur soubory JPEG nebo PNG.
Určuje, zda se po aktivování 3D modelu zobrazí panel Strom modelu.
Ve víceúrovňovém seznamu můžete vytvořit až devět úrovní.
Jestliže se tlačítko Spustit nebo posuvník nezobrazí, zvětšete miniaturu přetažením posuvníku Miniatura v dolní části okna aplikace Adobe Bridge.
Filmový formát má vysokou barevnou věrnost a dynamický rozsah vhodný pro použití ve filmové produkci.
Odstraní části vybraného objektu určené překrytím s jiným vybraným objektem umístěným v pořadí překrývání nad ním.
Použijí se náhledové ikony souborů na pracovní ploše.
Z kteréhokoli vybraného formátu se použije celá stránka, chcete-li proto jako ikonu použít pouze část stránky, musíte obrázek nebo stránku oříznout ještě před provedením tohoto postupu.
Nebo můžete inteligentní objekt upravit jako samostatný obraz i po jeho vložení do obrazu Photoshopu.
Pokud používáte předlohu kvízu, ve vrstvě Interakce vyberte snímek obsahující interakci Aktivní oblast (Snímek 5, pokud jste nepřidali nebo neodebrali klíčové snímky).
Zobrazuje referenční informace o elementu jazyka ActionScript, který je vybraný v panelu Skript.
Viz Změkčení okrajů výběrů.
Stejná přednastavení vytváření přesahů jsou dostupná v programech Acrobat i InDesign.
Vnější kruh ukazatele určuje gravitační tah ukazatele.
Eliminuje změny, které jste provedli, a obnoví objekt do jeho původní podoby.
Většina metaznaků a metasekvencí, které mají v regulárních výrazech běžně speciální význam, nemají tyto stejné významy uvnitř třídy znaků.
Volbou příkazu z nabídky panelu Vzorník můžete změnit způsob zobrazení vzorků barev v panelu.
Tažením v okně dokumentu můžete nastavit úhel pro efekty Vržený stín, Vnitřní stín nebo Satén.
Pokud skryjete nabídky a pruhy příkazů, uživatelé nebudou moci používat příkazy a vybírat nástroje, pokud neznají příslušné klávesové zkratky.
Grafické prvky, které slouží jako možnosti odpovědi, například objekt Přetažení, objekt Cíl, aktivní oblast nebo aktivní objekt, musí mít jedinečné názvy v rámci všech interakcí.
Poznámka: třída CustomRenderer definuje funkce pro získání a nastavení pro vlastnosti data a listData definované v rozhraní ICellRenderer.
Sada glyfů je pojmenovaná kolekce glyfů z jednoho nebo více písem.
Tagovaný text umí popsat téměř vše, co se může objevit v článku aplikace , včetně všech atributů odstavců, znaků a speciálních znaků.
Chcete-li uložit kopii právě aktivního souboru obsahu InCopy, zvolte Soubor > Uložit kopii obsahu.
Nebo zvolte Objekt > Živá vektorizace > Volby vektorizace.
Při načítání souboru SWF lze určit, že se má soubor zahrnout do stejné aplikační domény jako objekt Loader, nastavením parametru applicationDomain objektu Loader na možnost ApplicationDomain.currentDomain.
Některá nastavení tisku aplikace InDesign se objevují jak v dialogovém okně ovladače tiskárny, tak v tiskovém dialogovém okně aplikace InDesign.
Na stránkách Adobe Labs máte přístup k následujícím typům zdrojů:
Výběrem této možnosti vytvoříte větší soubor XFL a položky stránky budou při přiblížení nebo oddálení vypadat rozostřeně.
Klepněte pravým tlačítkem myši na pole, podle kterého chcete zarovnat ostatní pole.
Poté, co jste vytvořili textový blok, klepněte uvnitř bloku na místo, kam chcete vložit speciální znak.
zarovná vodorovný text doprava a nechá levý okraj nezarovnaný.
Linky můžete například použít pro seskupení textu a dalších elementů do tematických oblastí.
Obraz pozadí prolnutí je tvořen částí backdrop a části backgroundShape, které jsou překryty ohraničujícím rámečkem objektu foregroundShape.
Pokud není panel Informace viditelný, zvolte Okna > Informace.
Tiskové značky ukazují hranice rámečků dokumentu, které Adobe PDF podporuje, jako jsou řezací rámečky a rámečky spadávky.
Chcete-li v programu upravovat bitmapové obrazy, převeďte je na vektorové kresby nebo je rozdělte.
Proměnnou inicializujete, když poprvé nastavíte její hodnotu.
Prázdné vrstvy videa také umožňují vytvářet animace objektů kreslených od ruky.
Tento popis se objeví, když si uživatel vybere roli, ke které se připojí.
Další informace o těchto volbách atributů viz Rozšíření Fireworks.
Předpokládejme například, že chcete vytvořit tlačítko, které způsobí přehrávání zvuku v dokumentu PDF.
Pokud v aplikaci Acrobat ukládáte soubor pro pozdější zpracování Braillovým písmem, můžete také zvolit formát DOC nebo RTF.
Určuje stupeň použité komprese.
Chcete-li odpojenou časovou osu ukotvit k jinému panelu, přetáhněte titulní pruh časové osy do požadované polohy.
Pokud nové pozadí aplikujete na omezený rozsah stránek, zůstane původní pozadí na ostatních stránkách beze změny.
Chcete-li zobrazit nebo skrýt všechna okrajová vodítka, vodítka sloupců a pomocná vodítka, zvolte Zobrazení > Mřížka a vodítka > Zobrazovat/Skrýt vodítka.
Přetisky, které se ovlivňují s průhlednými objekty, se sloučí.
Používání vloženého zvuku namísto načítání zvuku z externího souboru je nejužitečnější pro malé soubory, které jsou použity jako indikátory v uživatelském rozhraní aplikace, například zvuky přehrávané při klepnutí na tlačítko.
Další způsoby, jak najít vaše webové stránky nebo položky blogu, viz Otevření webových stránek a položek blogu bez procházení .
Programy Photoshop a Flash si mohou navzájem vyměňovat soubory videa ve formátu QuickTime.
Chcete-li změnit vlastní text, vytvořte složenou cestu pomocí textových obrysů.
Vždy to ale tak není.
V dialogovém okně Retušování vlastností klepněte na záložku Tag.
Video vytvořené v jiném formátu je při přidání převedeno do formátu FLV.
Chcete-li určit, která aplikace se spustí, proveďte jeden z následujících úkonů:
Slouží k určení ikony, která je přiřazena k danému typu souboru.
Všechny změny, které aplikujete pomocí grafických stylů, jsou zcela vratné.
Tento kód vytvoří manipulační program události pro událost CLICK, která povoluje parametry underRb a overRb komponenty RadioButton v případě, že je vybrán parametr homeCh komponenty CheckBox, a vypíná je, pokud parametr homeCh vybrán není.
Volba Úpravy v dialogovém okně Předvolby se používá k nastavení voleb pro úpravy.
Další informace viz Přidávání tagovaných záložek.
Tato nová vrstva se nazývá vrstva pozice .
Tento tag může obsahovat hodnotu Page (Stránka), OddPage (Lichá stránka), EvenPage (Sudá stránka), Column (Sloupec) nebo None (Nic).
Zvolte Soubor > Uložit jako a zvolte jeden z následujících formátů souboru:
Zobrazí se dialogové okno Spravovat web.
V dialogovém okně Volby 3D vytlačení a zkosení zvolte vlastní zkosení z nabídky Zkosení.
Pokud si to rozmyslíte a chcete změnit typ obrazu, klepněte na tlačítko Režim, abyste se vrátili do dialogového okna Sloučit kanály.
Vyberte filtr a klepněte na nabídku Přednastavení , pak vyberte volbu Uložit jako.
S běžnou změnou měřítka se rohy tlačítka protáhnou a poloměr rohu se při změně velikosti tlačítka také změní.
Formát PCX podporuje barevné režimy RGB, indexované barvy, stupně šedi a bitovou mapu a také bezeztrátovou metodu komprese RLE.
(Windows) Pomocí průvodce formuláři můžete převést dokumenty aplikace Microsoft® Word a Excel nebo naskenované papíry do formulářů PDF.
Než převedete text na tabulku, přesvědčte se, zda je text správně nastaven.
Vyberte uživatele ze seznamu uživatelů.
Nová vrstva je v novém snímku viditelná, ale v ostatních snímcích je skrytá.
Vyberte glyf, který chcete upravit, proveďte libovolné z následujících úkonů a pak klepněte na OK:
Jestliže je přihlášení k serveru CPS také propojeno s adresářovou službou uživatele, může server CPS automaticky znovu použít přihlašovací údaje serveru CPS k otevření připojení a nezobrazuje výzvu k zadání druhého hesla pro připojovací informace.
Pokud chcete použít soubor pro vytváření výtažků na RIPu nebo pro konečný výstup, nevybírejte tuto volbu.
Klepněte na záložku Porty.
Aktualizace nevyžaduje zpřístupnění nebo vyhrazení a nedá vám práva pro úpravy.
Vyberte vrstvu nebo skupinu a zvolte Vlastnosti vrstvy nebo Vlastnosti skupiny z nabídky Vrstvy nebo z nabídky panelu Vrstvy.
Vyberte stavy, které chcete exportovat, a kmitočet snímků ve stavech za sekundu.
Volba Exportovat data není dostupná, pokud je v souboru 3D PDF použita komprese nebo zabezpečení.
Určuje, že ve výchozím nastavení se mají skryté vrstvy importovat.
Contribute publikuje pracovní verzi na vašem webu a pak ji zobrazí v prohlížeči Contribute.
Číslování začíná v každém článku znovu.
V části Podmínky můžete zvolením [libovolná podmínka] vyhledávat v textu, na který byla použita libovolná podmínka, zvolením [nepodmíněný], vyhledávat v textu, na který nebyla použita žádná podmínka, nebo vybrat konkrétní podmínku nebo podmínky určující text, který se má vyhledat.
Zůstanou otevřené pouze původně aktivní dokumenty.
Zvolte Další volby > Tisková produkce > Převést barvy.
Pomocí nástroje Sledování můžete zjistit, kdy a kým byly formuláře vyplněny.
Vyberte kritéria ve stejné kategorii (například typy souborů), chcete-li zobrazit soubory, které vyhovují libovolnému z kritérií.
Plátno představuje prostor, kde můžete vytvářet, upravovat a ukládat prvky kresby před jejich přesunutím na kreslicí plátno.
Stabilitu reklam si odzkoušejte v různých kombinacích prohlížečů a platforem.
Zvolte Zobrazení > Stránku do celého okna.
Aplikace Flash Player a Adobe AIR vyvolávají výjimky, když za běhu narazí na chyby v příslušné aplikaci.
Chování instance je stejné jako chování samotného symbolu, pokud neurčíte jinak.
Pro zabezpečení s nižší úrovní šifrování vyberte v dialogovém okně Nastavení zabezpečení heslem možnost Povolit kopírování textu, obrazů a dalšího obsahu.
Při přidávání vrstev do obrazu je užitečné pojmenovat vrstvy podle jejich obsahu.
Označte vyhrazený rámeček příslušným tagem z panelu Tagy.
Třída Pentagon by automaticky získala funkce metody getPerimeter() a metody getSumOfAngles() z třídy RegularPolygon prostřednictvím dědičnosti.
Chcete-li objekty otočit, umístěte kurzor kdekoliv vně ohraničovacího rámečku.
Asijská písma OpenType navíc obsahují pro mnoho znaků alternativní glyfy.
Vytiskne stránky v opačném pořadí.
Informace o zobrazení všech souborů a složek viz Nápověda systému Windows.
Kruhové táhlo se zobrazuje v levém dolním rohu textového pole.
Nemůžete ale psát kód jazyka ActionScript uvnitř instance textu, protože instance textu nemají časové osy.
Zvolte Stisknutí z nabídky Chování a pak zvolte Rollover ze seznamu Stav.
Aby se obě instance kola otáčely, můžete nakonfigurovat doplnění pohybu, který otáčí symbolem kola.
S použitím voleb z nabídky Velikost můžete vytvářet obrazy pro konkrétní systémy videa – NTSC, PAL nebo HDTV.
Vlastnosti funkce mohou sloužit jako kvazi-statické vlastnosti, umožňující uložit stav proměnné, související s funkcí.
Barva se zkopíruje do schránky jako HTML atribut COLOR s hexadecimální hodnotou (color=#xxyyzz).
Přidávání grafických prvků jako jsou fotografie.
Podrobné informace týkající se zpracování synchronních chyb naleznete v sekci Zpracování synchronních chyb v aplikaci.
Klepněte na ikonu Invertovat na panelu Přizpůsobení.
Výchozí kreslicí model automaticky slučuje kreslené tvary, pokud se navzájem překrývají.
Jestliže s kreslením svého kódu teprve začínáte, zahrnuje třída Graphics několik metod usnadňujících kreslení běžných tvarů, např. kruhů, elips, obdélníků a obdélníků se zaoblenými rohy.
Chcete-li účast ukončit, zvolte položku Nápověda > Volby programu zlepšování a klepněte na volbu Ne, děkuji.
Nová Stránka blogu se v aplikaci Contribute otevře jako pracovní verze.
Klepněte na tlačítko Zostřit ikona tlačítka pro otevření dialogového okna Zostřit.
Dostupné jsou všechny metody barevného výstupu, které InDesign podporuje.
Když aplikujete režim prolnutí na objekt, jeho barvy se prolnou se všemi objekty pod ním.
Následující příklad ilustruje zakázání vložených startovacích bodů bod2 a bod3, když je video připraveno k přehrávání.
Neprovede se rozklad barev, ale místo toho se použije barva, která je nejblíže chybějící barvě.
Potom zavřete a znovu otevřete nástroj Sledování.
Další zvukové schopnosti jsou dostupné, když používáte kód ActionScript s multimediálním serverem přenášejícím dat, například Flash Media Server.
Formát nabízí malé soubory a je ideální pro webové obrazy.
Pro kteroukoliv danou akci, jaké informace bude třída muset znát, aby tuto akci provedla?
Pokud tuto volbu vyberete, můžete v další obrazovce, která se objeví, vybrat skupinu práv, které chcete připojení poslat.
Pokud změníte název souboru nebo formát zvuku po jeho úpravě, budete jej muset znovu importovat do .
V levém panelu jsou vazby na soubory recenzí, formuláře, zprávy o stavu serveru a kanály RSS.
Jak se zvyšuje počet použitých přímkových úseků, roste i složitost křivky.
Otevřete panel Akce a zkopírujte uvedený kód do dílčího panelu Script.
Tabulka barev obsahuje seznam všech barev, odstínů a přechodů definovaných v panelu Vzorník a použitých v textu.
Chcete-změnit velikost plovoucího výběru, zkontrolujte, že je v perspektivní ploše.
V sekci Základní atributy vyberte případné další kategorie obsahující volby, které chcete definovat, a upravte je podle potřeby.
Pokud chcete do PDF převést několik úrovní nebo všechny úrovně vícestránkového webu, pracujte v Acrobatu.
Komponenty jazyka ActionScript 3.0 obsahují celý svůj zdrojový kód, aby se zkrátila doba kompilace při sestavování vaší aplikace.
Video o použití aplikace Presenter pro zlepšení prezentací PowerPoint naleznete na webu http://www.adobe.com/go/lrvid4204_a9 www.adobe.com/go/lrvid4204_a9.
Dále můžete použít panel Cesta pro rychlý přístup k příkazům souvisejícím s cestou.
Další informace o nastavení velikosti komponent najdete pod jejich jednotlivými záznamy v Referenční příručce jazyka ActionScript 3.0 a jeho součástí.
Výchozím kodekem videa používaným při vytváření souborů FLV pro použití s přehrávačem Flash Player 8 a 9 je kodek On2 VP6.
Ve spodní části panelu Znaky z nabídky Jazyk zvolte příslušný slovník.
Přetažením jezdce určete větší nebo menší velikost vyrovnávací paměti.
může udržovat samostatné sady přidaných a odstraněných slov pro každý nainstalovaný jazyk.
Ve složce my_application vytvořte složku s názvem streamy .
Na základě výběru těchto předvoleb se do dialogového okna Podepsat dokument, které se objeví při každém podepisování PDF, přidají příslušné volby:
Pomocí rozbalovací nabídky otevřete dialogové okno Vlastnosti průřezu.
Vyberte Úpravy > Vyjmout, abyste vyjmuli vybraný objekt nebo objekty, které chcete přidat.
Když uložíte dlaždici jako přednastavený vzorek, uloží se pouze jedna dlaždice, ne celý vygenerovaný vzorek.
Pokud zvolíte Automaticky, InDesign vybere nejvhodnější typ souboru podle obrazu.
Při úpravách textu poznámky pod čarou si pamatujte následující pravidla:
Pro počáteční zobrazení můžete nastavit požadovanou úroveň zvětšení, stránku a uspořádání stránek.
Klepněte na jedno z tlačítek a uvidíte, jaký účinek bude mít styl emphasizedSkin na každé tlačítko.
Chcete‑li, aby byla výplň průhlednější, použijte menší hodnotu v procentech.
Vytvořte nebo importujte návrh sloupce.
Vylepšené možnosti vyhlazení jsou dostupné pouze pro soubory SWF publikované pro Flash Player 8 nebo novější.
Cílový objekt doplnění můžete změnit přetažením jiného symbolu z knihovny na rozsah doplnění v časové ose.
Pokud vaše platforma nemá instalátor a potřebujete provést instalaci souboru WAR, ale nemáte aplikační server Java, můžete stáhnout zkušební verzi serveru JRun 4 s možnostmi omezené licence.
Chcete-li změnit nastavení převodu do PDF, v AutoCADu zvolte Adobe PDF > Změnit nastavení převodu.
Funkce můžete vnořovat, což znamená, že funkce mohou být deklarovány uvnitř jiných funkcí.
Změní glyfy vybraných latinkových znaků na neproporcionální hankaku (s poloviční šířkou).
Chcete-li aplikovat barvu na vybraný objekt nebo textový kontejner (například rámeček nebo tabulku), klepněte na tlačítko Objekt.
Další informace naleznete v části Přidávání dokumentů Microsoft Wordu a Excelu do webu .
Pokud příkaz nabídky nadále chybí, zkuste obnovit předvolby.
Chcete-li spojit obsah XML s původním souborem XML, vyberte Vytvořit vazbu.
Vzorky jsou definovány v jazyce ActionScript řetězci nebo regulárními výrazy.
Tiskovou úlohu můžete ručně nastavit tak, aby řadila každou stránku do tiskové fronty jako vektorovou grafiku nebo bitmapový obraz.
Chcete-li zobrazit položky nabídky Panel, když je nabídka aktivovaná pro vstup, stiskněte mezerník.
Ohraničovací rámeček můžete také natočit.
Přehrávač Flash Player vrátí pro adresy IPv6 dlouhou formu řetězce.
Použijte vzorové údaje, které představují maximální množství informací pro každé pole, nebo množství informací, které očekáváte, že uživatelé budou zadávat.
Mezi atributy objektu ze vzorové stránky, které můžete změnit, patří tahy, výplně, obsah rámečku a jakékoliv transformace (například otočení, změna měřítka, zkosení nebo změna velikosti), volby rohů, volby textového rámečku, stav zamknutí, průhlednost a efekty objektu.
Uvnitř jednoho textového rámečku můžete vybrat různé úseky textu a aplikovat na každý úsek určitý přechod.
Změněný soubor je takový, jehož verze na disku je novější než verze v dokumentu.
Pokud je vybraná volba Zachovat proporce, aplikace Contribute zachová konstantní poměr výšky a šířky, takže se obraz nezdeformuje.
Nekonsistentní používání podmínek u mezer a interpunkce může mít za následek nadbytečné mezery v textu nebo nesprávně napsaná slova.
Klepněte na možnost Tisknout přehled poznámek nebo Vytvořit PDF s přehledem poznámek.
Jeden soubor můžete například použít jako oddělovací stránky mezi ostatními soubory nebo můžete použít prázdný soubor k přidání prázdných stránek.
Při kopírování nebo importování obrazů do dokumentu s nečtvercovými obrazovými body Photoshop automaticky obraz převede a upraví jeho velikost podle poměru stran obrazových bodů dokumentu.
Umístěte textový kurzor do textového rámečku, chcete-li zobrazit počty pro celý řetězec rámečků (článek), nebo vyberte text, chcete-li zobrazit počty pouze pro vybraný text.
Chcete-li změnit hladký bod na rohový bod s nezávislými směrovými úsečkami, přetáhněte jeden ze směrových bodů.
Soubory PDF můžete prohlížet v aplikaci Adobe Acrobat® nebo Adobe Reader® na téměř všech platformách.
Po přemístění plovoucího výběru do vybrané plochy se výběr přizpůsobí její perspektivě.
V seznamu miniatur klepněte na obraz, který chcete importovat.
Vytvoří a e-mailem vrátí balíček uživateli aplikace InDesign.
V dialogovém okně Umístit proveďte jeden z následujících úkonů:
Chcete-li aplikovat změny na daný styl, klepněte na OK.
Zvolte Přesnější, chcete‑li si prohlédnout výslednou verzi obrazu.
Statická vlastnost Clipboard.generalClipboard představuje schránku operačního systému.
Příkazy Odstranit černý podklad a Odstranit bílý podklad jsou užitečné, když je vyhlazený výběr na bílém nebo černém pozadí a chcete ho vložit na jiný podklad.
Volba Nezávislé na zařízení vytvoří pouze složený PostScriptový soubor nebo EPS (s neseparovanými barvami).
Dle výchozího nastavení, jestliže je objekt zobrazení vytvořen pomocí jazyka ActionScript, vlastnosti x a y jsou obě nastaveny na hodnotu 0 a umísťují objekt do horního levého rohu svého nadřazeného obsahu.
Chcete-li hladký bod převést na rohový, klepněte na něj nástrojem pero.
V této tabulce jsou uvedeny pouze zkratky, které nejsou zobrazeny v příkazech nabídky nebo v popiscích.
Umístěte přehrávací hlavu do snímku, do kterého chcete přemístit cílovou instanci.
Používejte názvy, které budou uživatelům srozumitelné.
Do svého HTML vložte následující kód:
Při importu vektorových obrazů do programu z FreeHandu vyberte volby pro zachování vrstev, stránek a textových bloků FreeHandu.
Soubor přiložený jako poznámka se zobrazuje na stránce s ikonou přiloženého souboru nebo s ikonou zvukové přílohy a v seznamu poznámek spolu s ostatními poznámkami.
Příkaz lze použít v dávkovém zpracování.
Zvolte 2 bity, 4 bity nebo 8 bitů, abyste určili 4, 16 nebo 256 úrovní šedi.
Znak odrážky, který je k dispozici v jednom písmu, nemusí být k dispozici v jiných písmech.
Soubor PPD (PostScript Printer Description, popis PostScriptové tiskárny) přizpůsobuje chování ovladače pro určitou PostScriptovou tiskárnu.
Rovné a zakřivené segmenty cesty můžete změnit přetažením jejich bodů.
Tažením v okně náhledu zobrazte různé části obrazu a klepnutím na + nebo – zobrazení zvětšete nebo zmenšete.
K uložení souboru můžete použít několik různých voleb: Uložit, Uložit jako a Uložit a komprimovat.
Táhněte nástrojem přes část obrazu, kterou chcete rozostřit.
Tag ukončuje definici znakového stylu.
Pokud nástroj pro výběr nefunguje podle očekávání, zkuste nejdříve vše odznačit.
Síťová rozhraní API mohou být omezena dvěma způsoby.
Třída jazyka ActionScript uchovávající data o kanálu RSS.
Chcete-li změnit vztažný bod, přetáhněte symbol ve vymezené ploše.
Nástrojem Dynamické zvětšení táhněte nahoru, chcete-li měřítko zobrazení zvětšit, nebo naopak dolů, chcete-li měřítko zobrazení zmenšit.
Pokud není volba Simulovat přetisk vybraná, musíte v Acrobatu vybrat Náhled přetisků, abyste zobrazili efekty překrývajících se barev.
Obdobně nepoužívejte znaky escape s lomítkem v regulárních výrazech, které jsou definovány konstruktorem new.
V režimu upozornění se zobrazují zvláštní varování, která jsou užitečná pro odhalení nekompatibilit při aktualizování kódu v jazyce ActionScript 2.0 na kód v jazyce ActionScript 3.0.
Pokud aplikujete na snímek hodnotu náběhu/doběhu s použitím okna Úpravy nebo rozbalovacího jezdce, graf Vlastní nastavení náběhu/doběhu se nastaví na ekvivalentní křivku a je zaškrtnuté políčko Použít jedno nastavení pro všechny vlastnosti.
Určete hodnoty Požadovaná, Minimální a Maximální pro každou volbu.
Klepněte do levého horního rohu tabulky nebo klepněte kdekoli na pravém nebo spodním okraji tabulky.
Každý soubor SWC obsahuje zkompilovaný filmový klip, kód v ActionScriptu a případně další zdroje, které daná komponenta vyžaduje.
Kvůli těmto dodatečným optimalizačním funkcím může optimalizace animovaného souboru GIF trvat déle než optimalizace standardního obrazu GIF.
Vyberte soubor, který chcete aktualizovat.
Poklepejte na název souboru v panelu Projekt.
Ve skutečnosti asi dospějete k závěru, že čas, který strávíte umísťováním a nahrazováním obrazů, opravami chyb a přípravou souborů pro tisk a publikování na webu, často omezuje dobu, kterou byste mohli věnovat tvůrčí práci.
V některých oknech varovných zpráv je tlačítko OK, na které můžete klepnout, a tím vrstvu rastrovat.
Další informace o přidání URL zpětného sledování do položek blogu viz Přidání URL zpětného sledování do položky blogu .
Dalším klepnutím přidejte další mřížkové body.
Ve vymezené ploše vyberte tlačítko nebo vstupní textové pole, pro které chcete nastavit popisování.
Chcete-li použít podmínku, klepněte na podmínku nebo klepněte na pole u názvu podmínky.
Když určujete, zda uživatelé budou mít právo odstraňovat stránky z webu, pečlivě zvažte, zda chcete, aby se uložila záložní kopie odstraněných stránek.
V systému Mac OS aplikace Fireworks v této složce automaticky vyhledá zásuvné moduly Photoshop Acquire.
Klepněte na tlačítko a uveďte je do stavu výběru.
Pro tlačítka se obvykle používá klip normálního stavu.
Postupně projde těmito funkcemi, zavolá každou z nich a předá objekt události funkci jako parametr.
Obsah se posune o jeden vodorovný posun řádku doprava.
Stisknutím kláves Ctrl+Enter film otestujte.
Vyplňte nebo vytáhněte cestu barvou.
Předpokládejme například, že nějaký státní úřad vytvoří formulář obsahující pole podpisu.
Tisková úloha: stránka nebo série stránek, jež tvoří jeden výtisk.
Například pro získání druhé úlohy ze seznamu středy nejprve použijte index 2 pro středu a poté použijte index 1 pro druhou úlohu v seznamu.
Standardně je vybráno Pouze Flash.
Chcete‑li upravit přednastavení Adobe PDF, vyberte přednastavení v okně Přednastavení, klepněte na tlačítko Upravit a změňte nastavení v dialogovém okně Upravit přednastavení PDF.
Převedení čar na výplně může mít za následek zvětšení souborů, ale u některých animací také může zrychlit vykreslování.
Dlouhý článek může natékat z jednoho rámečku do ostatních rámečků, které jsou spojené v posloupnosti neboli zřetězené.
Rozhodnutí zde pomůže identifikovat všechny objekty a vlastnosti hodnot, které budete potřebovat.
API také umožňuje vytvářet vaše vlastní, nové komponenty.
Dvojstránka může obsahovat až deset stránek.
Standardně se PDF uloží do složky, určené v portu tiskárny.
Pro obrazy CMYK použijte všechny čtyři kanály, které odpovídají azurovému, purpurovému, žlutému a černému kanálu.
Určuje maximální počet stránek pro každý dokument.
Chcete-li obnovit běžnou velikost, klepněte na minimalizovanou 3D osu.
V připojeném článku můžete aplikovat libovolné barvy nebo přechody definované v připojeném rozvržením aplikace InDesign.
Určuje rozměry exportovaného videa v obrazových bodech.
Určuje, které písmo nahrazuje písma v dokumentech, která nejsou v systému nainstalována.
Kód fungující na jedné platformě jestliže poskytnete 2048 ukázek, nemusí fungovat je-li spuštěn na jiné platformě.
Po provedení úprav textu je obraz v mezipaměti nahrazen vlastním textem.
Chcete-li pohybovat táhlem nezávisle, táhněte se stisknutou klávesou Alt.
Určuje odstín v procentech.
Zarovná objekty k vybranému objektu, který je nejníže.
Pro soubory PNG použijte průhlednost alfa, která se často používá v exportované grafice obsahující přechodovou průhlednost a poloprůhledné obrazové body.
Nastavte tloušťku proužku posunutím jeho značek na pravítku.
Každý příkaz může mít dvě různé klávesové zkratky; pokud jsou k nějakému příkazu přiřazeny dvě zkratky, tlačítko Přidat položku je nefunkční.
podst. jm. Seznam složek, ve kterých Flash hledá definice tříd nebo rozhraní.
Chcete-li skupinu světel uchovat, abyste ji mohli použít později, uložte ji.
Pokud máte vypnuté zobrazování neviditelných prvků, aplikace Contribute je zapne, abyste značku kotvy viděli.
K výběru rozsahu sad písem, která se mají vložit, použijte libovolný z následujících úkonů:
Formát Pixar podporuje obrazy RGB a ve stupních šedi s jedním alfa kanálem.
Poklepejte na řez nebo aktivní oblast panelu Vrstvy.
V sekci Konfigurovat text vyberte volby, které chcete mít v podpisu.
Poklepejte na instanci symbolu.
Strukturu dokumentu založeného na obrazovkách lze snadno zobrazit a upravovat.
Můžete zkopírovat jednu nebo více buněk a také vyjmout buňky nebo jejich obsah z tabulky.
Umožní uživatelům upravovat dokument, vytvářet a vyplňovat pole formulářů a přidávat poznámky a digitální podpisy.
Viz Trojrozměrné zobrazení a zpracování technických obrazů.
Pořadí tisku barev stejně jako odchylky tiskových barev nebo papíru mohou značně ovlivnit konečný výsledek.
Výhodou je, že přehrávání videa může začít před stažením celého souboru; nicméně vám to neumožňuje přejít na bod dále ve videu, který se ještě nenačetl.
Pokud IME není na uživatelově počítači aktivní, volání metod nebo vlastností IME, kromě Capabilities.hasIME, se nezdaří.
Dokud je plovoucí výběr aktivní, lze ho přemístit, otočit nebo změnit jeho velikost.
Tato položka může být užitečná pro příjemce PDF.
Některé výplně, tahy a efekty z Fireworks se při importu ztratí.
Metody jsou funkce, které jsou součástí definice třídy.
Metoda hideSelected() skryje tvar selectionIndicator předešle zvoleného objektu nastavením jeho vlastnosti visible na hodnotu false (nepravda).
Zvolte Okna > Text a tabulky > Křížové odkazy a pak zvolte položku Vložit křížový odkaz v nabídce panelu Hypervazby.
Chcete-li uložit existující dokument pod stejným názvem, zvolte Soubor > Uložit.
Můžete otevřít další okna pro stejný dokument nebo pro jiné dokumenty aplikace InDesign.
Chcete-li změnit odstíny a stínování nových barev, klepněte na trojúhelník vpravo od nové barvy (nebo klepněte pravým tlačítkem myši na barvu a vyberte položku Metoda přebarvení) a vyberte příslušnou možnost.
To je možné v případě použití přísného režimu, ale rozhodnete se nepoužívat kontrolu v okamžiku kompilace pomocí proměnné bez stanoveného typu.
Všechna data obrazu HDR zůstanou ve sloučeném obrazovém souboru nedotčena.
Vyberte cílovou dvojstránku a zvolte Úpravy > Vložit.
Vyberte objekt, skupinu nebo vrstvu s aplikovaným grafickým stylem.
Klepněte na tlačítko Vytvořit novou stopu .
Pokud chcete najít a odstranit určitá slova nebo slovní spojení, použijte raději nástroj Prohledat a redigovat .
Pro všechny zásady správy barev, kromě volby Nechat barvy beze změn, zvolte pracovní prostory, určující profily ICC, které se použijí pro definování a kalibrování barevných prostorů stupňů šedi, RGB a CMYK v převáděných souborech PDF.
Pokud jste již vybrali oblast obrazu, kterou chcete zobrazit, můžete převést výběr na pracovní cestu.
Například následující kód vytvoří instanci třídy Timer, která odešle událost každou sekundu a bude v tom pokračovat 60 sekund.
Pomocí nástroje pro výběr objektu vyberte jedno nebo více polí formuláře, která chcete přemístit.
Tyto popisy se objeví v legendě.
Nejsou dostupné žádné další volby.
Také nemůžete zkopírovat stránku z jednoho webu do jiného.
Nejčastěji používané vlastnosti se objevují jako vývojové parametry, jiné musíte nastavit pomocí jazyka ActionScript.
Volby pro domovskou stránku galerie, včetně velikosti miniatur obrazů.
Tyto aplikace společně poskytují efektivnější způsob úprav webové grafiky na stránkách HTML.
U statického vodorovného textu, který se rozšiřuje, se v pravém horním rohu textového pole zobrazuje kruhové táhlo.
Pokud například přesunete počátek pravítek do levého horního rohu druhé stránky dvojstránky, zobrazí se v této pozici na druhé stránce všech ostatních dvojstránek v dokumentu.
Chcete-li zachovat současný poměr šířky a výšky, vyberte Zachovat proporce.
Se stisknutou klávesou Alt klepněte na ikonu Odstranit .
Komponenta CaptionButton umožňuje uživateli zapínat a vypínat titulkování.
Klepnutím vyberte vlastní obrázky pro ikony aplikace.
Chcete-li aplikovat volby usnadnění přístupu na objekty v dokumentech , musejí mít všechny tyto objekty názvy instancí.
Zvolte Soubor > Nastavení publikování, klepněte na Formáty a vyberte Obraz PNG.
Volby pro správu připojení se liší pro weby nespravované CPS, spravované CPS a připojení k blogu.
Pokud chcete v průběhu tvorby testovat veškerý svůj obsah nebo pouze jeho část, případně zobrazit jeho náhled, můžete publikovat pouze rozhraní SWF.
V této ukázce kódu ukazuje this.root kontejner objektu zobrazení MovieClip, který daný kód obsahuje.
Sdílení umožní ostatním uživatelům kopírovat soubory do složky In a získávat soubory ze složky Out.
Při přemístění a změně tvaru cest ve skupině živé malby se plošky a hrany automaticky přizpůsobí.
Grafiky řízené daty zjednodušují způsob společné práce grafiků a vývojářů v prostředí s velkými objemy vydávaných materiálů.
V dialogovém okně Nastavení publikování zkontrolujte, zda jsou v panelu Formáty vybrané (alespoň) formáty souborů (SWF) i HTML.
Tato hodnota určuje šířku prolnutého okraje a může být v rozsahu 0 až 250 obrazových bodů.
Díky testovacímu serveru také máte možnost udržovat automatickou záložní kopii veškerého obsahu webu.
Nalezené položky můžete nahradit formátovaným nebo neformátovaným obsahem zkopírovaným do schránky.
Určete hodnotu mezi 50 % (0,5) a 200 % (2,0).
Můžete vypustit objekty vytvořené v Acrobatu i v jiných aplikacích.
Když jsou interpretovány jako Předem vynásobené – Podklad, ve kterých je jako barva pozadí určena černá, toto olemování se kolem nich neobjeví (vpravo dole).
Veškerý text v počítači je kódovaný jako série bytů.
Přetáhněte vzorovou dvojstránku do okna cílového dokumentu, abyste ji zkopírovali.
Označuje aplikaci jedinečným identifikátorem.
Pořadí překrývání objektů můžete kdykoli změnit.
Pokud exportujete obrazy z aplikace Fireworks na web aplikace Dreamweaver a uložíte soubor HTML do umístění na tomto webu, aplikace Dreamweaver automaticky přeloží cesty k přidruženým obrazům.
Přestože Photoshop obsahuje také filtry Zostřit, Zostřit obrysy a Zostřit více, tyto filtry jsou automatické a nenabízejí žádné ovládací prvky a volby.
Abyste neztratili informace z původního obrazu, duplikujte vrstvu nebo vytvořte snímek původního stavu obrazu.
Chcete-li přidat znak s použitím kódu, zvolte typ kódování z rozbalovací nabídky Znak, zadejte kód a klepněte na Přidat.
Globální proměnná je taková, kterou definujete vně funkce nebo definice třídy.
Pro současné zobrazení jednoho dokumentu ve více hodnotách zvětšení použijte více zobrazení.
Nepřenášejí se žádné řetězce popisů nebo klávesových zkratek.
Jazyk ActionScript 3.0 podporuje znaky ASCII a Unicode.
Kromě toho je nutné tento typ obrazů rastrovat před tím, než je můžete upravit nástroji zkapalnění.
Kterékoliv vodítko můžete přetáhnout na pracovní plochu.
Pokud se vymaže digitální identifikátor s vlastním podpisem, všechny PDF zašifrované s použitím certifikátu z tohoto identifikátoru budou už navždy nepřístupné.
V panelu Vzorník proveďte jeden z následujících úkonů:
Přetáhněte komponentu UILoader z panelu Komponenty do panelu Knihovna.
Uvědomte si, že můžete vložit pouze rastrovou (ne vektorovou) položku.
Můžete zvolit barvu pro identifikaci svých změn a vybrat, jaké změny chcete sledovat: přidávání, odstraňování nebo přesouvání textu.
Zvolte Soubor > Uložit.
Chcete-li si prohlédnout náhledy animací v instancích komponent a změny velikosti filmových klipů s použitím změny měřítka s 9 řezy ve vývojovém prostředí pro tvorbu dokumentů, zvolte Ovládání > Povolit živý náhled.
Pokud s přidaným glyfem není zapamatované písmo, objeví se vedle glyfu „u“, které označuje, že vzhled glyfu určuje Unicode hodnota z písma.
Vyberte název definice zakázky – první položku v hierarchii – aby se zobrazily základní specifikace tiskové úlohy a informace o zákazníkovi.
Abyste mohli použít třídu jazyka ActionScript, kterou jste definovali, musí aplikace vyhledat externí soubory jazyka ActionScript, které obsahují definici této třídy.
Zadejte název a umístění exportovaného článku a vyberte formát textového souboru v Uložit jako typ (Windows) nebo Formát (Mac OS).
Viz Uložení souboru ve formátu Photoshop PDF.
Řekněme například, že potřebujete vytvořit 500 různých webových proužků, založených na stejné předloze.
Když se objeví dialogové okno Odeslat novou stránku, můžete změnit název souboru pracovní verze nebo klepnout na Vybrat složku, abyste uložili tuto pracovní verzi na jiném místě.
Pokud je přetahovaný soubor na jiném připojeném disku než aplikace Adobe Bridge, pak se soubor nepřesune, ale zkopíruje.
Tato volba se používá k určení typů znaků, které uživatel může zadávat na dané pozici, a jak se data v poli zobrazí.
Při zobrazování obrazu na 8bitové obrazovce se v prohlížeči všechny barvy v obraze změní na tyto barvy.
TAB má vždy stejný význam: označuje klávesu Tab na klávesnici.
Styl CSS nemůžete připojit ke stránce v aplikaci Contribute, abyste přidali další styly; k připojení seznamu stylů použijte aplikaci Dreamweaver.
Chyby chodu programu může být obtížnější zjistit, protože aby k nim vůbec došlo, musí se provádět chybný kód.
Tyto kontroly můžete upravovat různými způsoby podle vlastnosti PDF, kterou popisují.
Mezi datové formáty, které lze přesunout do nebo z aplikace spuštěné v Adobe® AIR™ a přehrávače Adobe® Flash®, patří:
Chcete‑li zkopírovat položku s perspektivou z jednoho dokumentu Photoshopu do jiného, zkopírujte nejdříve položku v okně Úběžný bod v jednom dokumentu.
Například pro přizpůsobení textového pole nazvaného „jmenovka“ zadejte „jmenovka“.
Chcete-li nuceně zobrazit text na následujícím řádku, můžete přidat znak nové řádky ("\\n"):
Přestože to není samostatná vrstva, obrazové body v plovoucím výběru vypadají jako samostatná vrstva nad hlavním obrazem.
Chcete-li povolit tagování poznámek v PDF, v záložce Tagy zvolte Tagovat anotace z nabídky Volby.
Chcete-li tyto styly použít, musíte načíst příslušnou knihovnu.
Pokud chcete změnit rychlost procházení, změňte v Předvolbách (3D) výchozí jednotky zobrazení.
Vyhledávání vlastnosti má za výsledek více než jedno spojení a proto je nejednoznačné.
Organizátor vám pomůže najít soubory PDF, které jste někdy dříve otevřeli, a soubory PDF, které jste uspořádali do kolekcí a oblíbených položek.
Posune obtékající text na nejbližší dostupný násobek prokladu pod obtékaným objektem.
Paleta znaků je definována jako instance String v třídě BitmapToAsciiConverter.
Můžete otevřít soubory, které byly vytvořené v aplikaci Illustrator, i soubory vytvořené v jiných aplikacích.
Pokud jste vybrali Uložit hesla se zásadami, zadejte heslo a omezení.
V rámci portfolia PDF můžete převádět multimediální soubory jako jsou soubory ve formátu MOV, AVI a WMV do formátu PDF, SWF nebo FLV.
Jiný software skeneru uloží obraz do počítače jako soubor, který lze otevřít ve Photoshopu.
Nechá barvy závislé na zařízení beze změny a zachová barvy nezávislé na zařízení jako jejich nejbližší možný ekvivalent.
Odznačení pole Vržený stín bude znamenat, že v rámci stylu se vržený stín vypne – každý vržený stín aplikovaný na objekt se zobrazí jako lokální změna.
Písmo použité pro interpunkci.
Uložený soubor s paletou můžete načíst do panelu Vzorník nebo panelu Optimalizace a použít paletu při exportu dalších dokumentů.
Chcete-li, aby se v panelu Informace zobrazovaly 32bitové barevné hodnoty obrazu, klepněte v panelu Informace na ikonu kapátka a z rozbalovací nabídky vyberte volbu 32bitové.
Můžete vybrat obě volby, vložení i vytvoření podmnožiny.
S použitím nastavení Míchání kanálů můžete vytvářet vysoce kvalitní černobílé, sépiové nebo jinak barevně tónované obrazy.
Pamatujte, že znaky plus (+) nebo čárka (,) nemůžete v prefixu oddílu použít.
Aplikováním doplňované animace na objekt ve vrstvě masky můžete vytvořit dynamickou masku.
Ikony režimu měření, které se objevují na štítku metadat:
Před přechodem do režimu Na celou obrazovku zobrazí zprávu.
Mnohé z následujících termínů se používají výhradně při práci v pracovním prostředí programu Flash.
Poklepejte na texturu v panelu Vrstvy.
V textovém rámečku nemůžete vytvořit sloupce s nestejnou šířkou.
V panelu Přílohy vyberte v nabídce Volby možnost Prohledat přílohy .
V panelu Standardy proveďte podle potřeby některé z následujících úkonů:
Vytvářejte 3D pohlednice (roviny, u kterých můžete ve 3D prostoru určit polohu a osvětlení).
Vyberte Změnit > Sloučit výběr.
Tento přechod má tři barvy, každá v bodě trojúhelníku, s prolínáním přechodu mezi těmito body.
Když je tato volba vybraná, při použití informací o průhlednosti se použije bílá jako barva pozadí.
Zobrazují informace přiřazené digitálním fotoaparátem, včetně nastavení fotoaparátu použitého při pořízení snímku.
Klepněte na Uložit, abyste uložili kopii upozornění jako textový soubor, a pak soubor otevřeli v aplikaci InDesign.
Například zadejte mailto:adamsmith@example.com .
Při změně barevného režimu se výchozí obsah (políčka vzorníku, stopy štětců, symboly, grafické styly) z vybraného profilu nového dokumentu převede do nového barevného režimu, takže se barvy mohou změnit.
Seznam lidí, kterých se tato zakázka týká, a jejich rolí.
Když je vybraná vektorová maska, aplikovaná s použitím obrysu cesty, vyberte možnost Zobrazit výplň a tah v inspektoru Vlastnosti.
Nová čísla stránek můžete do PDF fyzicky přidat pomocí funkce pro záhlaví a zápatí.
Zkontrolujte statickou vlastnost Camera.names, která obsahuje pole dostupných názvů kamery.
Viz Nastavení 3D materiálů (Photoshop Extended).
Chcete-li rozšířit sbalenou složku, vyberte ji a stiskněte šipku vpravo.
Určuje, zda se rozbalovací poznámky spojené s poznámkami a ikony pro lístky s poznámkou, zvuky a přiložené soubory budou tisknout stejně jako se zobrazují na stránce.
Podobné volbě Q, avšak streamy obsahu se uspořádají podle úrovní vnoření označeného obsahu (BMC/EMC).
Chcete‑li nastavení uložit, klepněte na tlačítko Nastavit výchozí objektiv.
Podobně jako včleněné elementy, i speciální včleněné elementy popisují včleněný text se speciálním formátováním nebo chováním.
Například libovolná metoda musí vrátit hodnotu do jazyka ActionScript (například volání metody isReady()) nebo by měla vrátit hodnotu null (jak můžete vidět v jiných voláních metody).
Zobrazte seznam dostupných kontrol klepnutím na tlačítko Vybrat jednotlivé kontroly .
Symboly animace jsou „herci“ v animaci.
Pokud nechcete určovat odkazy relativní ke kořenu webu, Contribute používá odkazy relativní k dokumentu.
Vzorníky lze také uložit do formátu pro sdílení s jinými aplikacemi.
Následující příklad vytváří bitmapový obraz a použije na něj vzor modrého šumu:
Nastavení data a času publikování berou v úvahu pouze kompatibilní blogovací servery.
Toto použití se liší od programu Flash MX a ostatních produktů Studia MX (včetně Dreamweaveru MX 2004), které všechny používají pro uživatelské konfigurační soubory složku z konfigurace cestovního profilu.
Ale volby linek odstavce a mezer odstavce nemají na text na cestě žádný vliv.
Pak zadejte a potvrďte heslo správce pro web a klepněte na OK.
Prezentace vytvořená nástrojem Presenter může obsahovat video, slovní doprovodný výklad, interaktivní kvizy a další dynamický obsah, zvyšující její přitažlivost.
Zpracovat sadu souborů ve formátu Camera Raw s použitím stejných voleb.
K dispozici je i několik dalších metod:
Interní server používající služby, jako jsou Movable Type ® nebo WordPress.
Při tažení nástrojem mazání pozadí se vymažou obrazové body ve vrstvě a nahradí se průhlednou oblastí; to umožňuje vymazat pozadí a přitom zachovat okraje objektu v popředí.
Vyberte, pokud chcete odstranit toto okno z okna modelu.
Chcete-li například přidat zvuk, který se má přehrávat při klepnutí na tlačítko, vytvořte klíčový snímek ve snímku s popisem Dolů.
Příkaz Přidat stín přidává na základě rozměrů objektů pod vybrané objekty stín.
Také můžete knihovny importovat.
Tyto příkazy použijte, pokud chcete upravit barvy ve vybrané kresbě.
Poklepejte na tlačítko režimu Rychlá maska v paletě nástrojů.
Použije plné rozestupy pro většinu znaků kromě posledního znaku v řádku.
Můžete například zkopírovat vzorek a velikost platné textury nástroje štětec a použít ho pro nástroj tužka, klonovací razítko, razítko se vzorkem, štětec historie, umělecký štětec historie, guma, zesvětlení, ztmavení a houba.
Objekty se samozřejmě i nadále přitahují k jakémukoli vybranému zarovnání, aby tak usnadnily uspořádání a transformaci objektu přesně podle vaší potřeby.
V daném příkladě je Vektor vytvořený s určitým počtem elementů a daný počet elementů nelze změnit.
Chcete-li zjistit, zda postscriptové výstupní zařízení podporuje Adobe In-RIP Trapping, kontaktujte jeho výrobce nebo svého poskytovatele předtiskových služeb.
V cílovém dokumentu poklepejte na cílové místo v panelu Cílová místa.
XFL je nový souborový formát, který návrhářům umožňuje snadno poskytovat obsah k dalšímu vývoji v .
secondObject (objekt): tento parametr představuje oblast zásahu.
Adobe Contribute usnadnil správu položek blogu.
Soubory PDF můžete začlenit do jiných typů souborů, které podporují OLE (Object Linking and Embedding), jako jsou například soubory aplikací InDesign® nebo Word.
V panelu Kolekce vyberte kolekci smart.
Vyberte položku v seznamu a klepněte na Odstranit.
Když je panel Animace v režimu časové osy, proveďte libovolné z následujících úkonů:
Objekty obsahu se skládají z kontejnerů, textu, cest a obrazů.
Tato funkce ovlivňuje pouze zadávání textu ve vymezené ploše a neovlivní text zadávaný v panelu Akce.
Zadejte počet sekund, který určuje, jak často se má složka kontrolovat.
Obsahuje přehled typů souborů , jako jsou dokumenty a soubory v jazyce ActionScript ™ .
Další informace o programování jazyka ActionScript 3.0 viz Programování v jazyce ActionScript 3.0.
Předlohy se také spojují s pracovními postupy.
Také jiné tiskárny než postskriptové automaticky převádějí jakoukoli vektorovou grafiku na bitmapové obrazy.
Když položka v panelu Vrstvy obsahuje další položky, objeví se vlevo od názvu této položky trojúhelník.
Toto plovoucí okno je užitečné, protože je dostupné vždy, když pracujete v jiných aplikacích.
Původní soubor se zavře a jednotlivé kanály se objeví jako obrazy ve stupních šedi v samostatných oknech.
Použití příliš malého rozlišení pro tištěné obrazy vede k pixelizaci – hrubému výstupu s velkými obrazovými body.
Aby se zachovaly jejich vizuální atributy, inteligentní objekty se rastrují a importují do aplikace jako bitmapy.
Chcete-li umístit další instance symbolu tlačítka, proveďte jednu z následujících akcí:
Zvolte Soubor > Uložit pro Microsoft Office.
Pokud v dokumentu nemáte žádné styly, bude panel stylů prázdný, dokud nezvolíte některý ze stylů přednastavení.
Když odstraníte přímou barvu nebo globální výtažkovou barvu (nebo vzorek nebo přechod obsahující přímou barvu nebo globální výtažkovou barvu), všechny objekty vybarvené těmito barvami se převedou na jejich neglobální výtažkový ekvivalent.
Pokud umisťujete soubor programu Illustrator obsahující více desek, lze zadat, která se používá, stejně jako při umísťování vícestránkových souborů PDF.
Každá z volaných metod - parseBold(), parseItalic(), linesToParagraphs() a parseBullets() - používají metodu replace() řetězce pro nahrazení shodných vzorců, definovaných regulárním výrazem, pro převedení vstupu textu Wiki do textu formátovaného v HTML.
Pokud přidáte heslo, musí ostatní uživatelé toto heslo zadat, jinak nemohou soubor SWF ladit nebo importovat.
Pokud vytváříte dynamické formuláře, uvědomte si, že Reader nepodporuje některé uživatelské skripty v JavaScriptu, takže formuláře nemusí při zobrazení v Readeru správně fungovat, pokud nejsou PDF přidělena speciální práva užívání.
Kromě toho můžete vybírat barvy z existující barevné palety.
Zvolte Objekt > Seskupit, abyste návrh seskupili.
Vyberte Název souboru, aby se zobrazil název souboru nebo vyberte Popis, Zásluhy, Titul a Copyright, aby se zobrazil popisný text z dialogového okna Informace o souboru.
Když označíte tabulku tagy pro export do XML, vytvoříte element tabulky a také jeden element buňky pro každou buňku v tabulce.
Nebo můžete soubor PSD importovat jako jediný bitmapový obraz, přičemž soubor sloučí (rastruje).
Formát videa FLV nebo F4V umožňuje snadno umístit video na webovou stránku ve formátu, který může zobrazit téměř kterýkoli uživatel.
Vyberte Zobrazení > Postranní pruh.
Atribut se skládá z názvu (v tomto příkladu href) a hodnoty.
Tyto zásady lze měnit jen na serveru Adobe LiveCycle Rights Management ES, který se otevře automaticky, když vyberete některou z voleb.
Vyberte Použít hesla a pak klepněte na Další.
Poklepejte na nástroj kapátko pro nastavení černého bodu.
Třída Clipboard poskytuje metody ke čtení a zápisu dat do objektů schránky.
Změňte hodnotu cesty pro <home_directory> tak, aby indikovala složku pro uchovávání informací o uživateli a o připojení, jež byla vytvořena v kroku 3.
Podobné výsledky můžete získat s JPEG, když ho učiníte progresivním.
Mohou také publikovat nebo odstraňovat pracovní verze, které jim byly poslané k recenzování.
Místo 100 % černé použijte sytou černou zadanou s použitím hodnot CMYK.
Pokud vyberete stav a použijete u něho jinou barvu pozadí nebo upravíte text, má změna vliv pouze na vybraný stav.
Více informací naleznete v části Lokální karantény zabezpečení.
Obsahuje seznam složek, míst v síti a webových adresářů, které jste určili jako svá oblíbená cílová místa.
Abyste se ujistili, že se obrazy budou zobrazovat správně, prohlédněte si náhledy importovaných bitmap.
Soubor SWF se otevře v novém okně a okamžitě se začne přehrávat.
Volba Živé úpravy umožňuje upravit určený prvek přímo ve vymezené ploše.
Mnoho z ukázek kódu v této kapitole jsou malé ukázky kódů určené pro demonstraci, spíše než plné pracovní příklady nebo kód, který kontroluje hodnoty.
V dialogovém okně Volby vrstvy odznačte volbu Tisknout a klepněte na OK.
Otočí obraz o čtvrt otáčky proti směru hodinových ručiček.
Další atributy kódu nastavíte v dialogovém okně Vlastnosti nástroje redigování.
Odsazení ovlivňuje pouze vybraný odstavec nebo odstavce, takže můžete pro různé odstavce snadno nastavit různé odsazení.
Panel nástrojů prohlížeče obsahuje stejné volby pro weby i blogy.
Můžete vložit text před číslo poslední stránky nebo za něj a můžete určit styl číslování.
Přímé barvy převedené na výtažkové barvy jsou reprezentované pomocí výtažkových barev.
Následující akce můžete přiřadit k vazbám, záložkám, stránkám, multimediálním klipům a polím formuláře:
Pomocí textového nástroje proveďte jeden z následujících úkonů:
Určuje časovou osu animace.
Panely Znaky a Odstavce se používají ke změně vzhledu textu.
Chcete-li přepnout mezi vybíráním celého textu v buňce a vybíráním buněk, stiskněte Esc.
Photoshop aplikuje výchozí převod na stupně šedi na základě směsi barev v obraze.
Vyberte volbu Nahradit název souboru vaší verzí a pak klepněte na OK.
Když pracujete s rozsáhlými projekty, můžete si práci zpřehlednit tím, že budete zobrazovat pouze soubory v určité složce.
Jen dejte pozor, abyste nevložili více než jedno tlačítko do stejného odstavce nebo buňky tabulky.
Metody se chovají podobně v tom, že si uchovávají informace o lexikálním prostředí, ve kterém byly vytvořeny.
Zadejte hodnotu (mezi 1 a 500) a stiskněte Enter nebo Return.
Míra vybarvení se postupně zvyšuje a barva instance symbolu se postupně mění na barvu zbarvení.
V Inspektoru komponenty zadejte název v oblasti Název instance.
Miniatura se v aplikaci InDesign zobrazí v dialogovém okně Otevřít nebo Umístit.
Vektorizací převede text na cesty.
Parametr event funkce statusHandler() zahrnuje vlastnost kódu, která obsahuje řetězec „Camera.Muted“ nebo „Camera.Unmuted“.
Z nabídky vyberte písmo a velikost písma pro popisek.
Pokud změníte při úpravě obrazu jeho režim, můžete ztratit podstatné informace, které lze aplikovat pouze v původním režimu.
Další informace o umístění souborů třídy komponenty jsou uvedeny v kapitole Práce se soubory komponenty.
Ve volbě Vzor střídání zvolte Žádné a pak klepněte na OK.
Přehrávač Flash Player třídí datové zdroje (včetně souborů SWF) z Internetu do samostatných karantén zabezpečení, které odpovídají jejich původním doménám serveru.
Změňte znak odrážky.
Podrobnosti a omezení ohledně používání instance BitmapData nebo Vektor.
Pokud chcete pouze otevřít Device Central z aplikace Illustrator (místo vytvoření a testování souboru), vyberte Soubor > Device Central.
Klepněte na tlačítko Upravit položku v panelu nástrojů nebo vyberte Soubor > Akce > Upravit položku.
Text se přenáší do programu pro čtení z obrazovky jako název, ale bez popisu.
Chcete-li při změně měřítka obrazu zachovat určité oblasti, Změna měřítka s ohledem na obsah umožňuje použití kanálu alfa pro zachování obsahu během změny měřítka.
Nástroj kruhový graf vytváří kruhové grafy, jejichž výseče znázorňují vzájemný poměr porovnávaných hodnot.
Můžete také přejít do určitého řádku, což je užitečné zejména u dlouhých tabulek.
Použijte příkaz Vložit objekt (Insert Object) aplikace OLE kontejneru pro vložení nového nebo existujícího obrazu Photoshopu jako OLE-vloženého nebo OLE-navázaného objektu.
Jedinou výjimkou jsou API, která volají sokety přímo, například Socket.connect() a XMLSocket.connect() nebo volá Security.loadPolicyFile(), kde je načítán soubor zásad soketu.
To se týká i přidávání, odstraňování nebo změn názvů podadresářů nebo přidávání dodatečných podadresářů do projektu na jejich lokálním počítači.
Pokud tato volba není vybraná, při každém provádění měření vzdálenosti přesunutím myši určujete délku vodiče.
V pruhu voleb nastavte prolnutí okrajů.
Klepněte na název znakového stylu v panelu Znakové styly.
Chcete-li zobrazit skrytý text, klepněte na Náhled.
Všimněte si rozvržení objektů.
Prochází souborem element po elementu a porovnává následujícím způsobem vstupní elementy s existujícími:
Například následující příkazy switch vytisknou den v týdnu na základě čísla dne, vráceného metodou Date.getDay():
Vyberte nástroj vodorovný text nebo nástroj svislý text .
má také celou řadu kontextově závislých nabídek.
Komponenty od sebe vzájemně dědí.
Tuto metodu nelze použít v dialogovém okně Uložit pro web a zařízení.
Nově pojmenovaný dokument se stane aktivním dokumentem.
Všechny metody a vlastnosti globální třídy LToolBox jsou dostupné v každém indexu pole SessionArray.
Chcete-li potlačit výběr bezpečných webových barev, táhněte jezdce se stisknutou klávesou Alt (Windows) nebo Option (Mac OS).
Distiller zpracuje soubory prologu a epilogu pouze tehdy, když existují oba a jsou správně umístěny.
V inspektoru Vlastnosti vyberte oblý nebo hranatý tvar gumy.
Druhý blok kódu používá metody třídy Matrix3D k provedení stejných transformací.
Stupeň průhlednosti aplikovaný na režim prolnutí.
Většina programů pro Windows podporuje verzi 5 formátu PCX.
Po převedení textu na obrysy můžete provést libovolné z následujících úkonů:
Pomocí funkce Tlačítka můžete také vytvářet odkazy na webové stránky.
Pokud je úspěšná, metoda PrintJob.start() nastaví hodnoty pro vlastnosti paperHeight , paperWidth , pageHeight , pageWidth a orientation .
Po aplikování přednastavení můžete upravit délku rozsahu doplnění v časové ose.
Odstraňte rozšířené znaky, jako jsou znaky s diakritikou a ne-anglické znaky, z názvů souborů a složek.
Když je při přidávání měření aktivní výchozí pohled, vytvoří se nový pohled měření.
Nevytváříte přímo podtřídy třídy InteractiveObject.
Zvolte Zobrazení > Pruhy nástrojů > Popisy tlačítek > [volba].
Chcete-li tvary kreslit pomocí objektového kreslicího modelu, je nutné jej výslovně spustit.
Panel Náhled výstupu dokáže zobrazit až 10 souborů.
Skupiny můžete použít k následujícím akcím:
Podle potřeby zvolte nové pravidlo harmonie nebo posuňte značky barev.
(Windows) Vyberte znak, který chcete použít, klepněte na Vybrat, klepněte na Kopírovat a pak znak vložte do Photoshopu.
Tento kód používá rovnou jednoduchou uvozovku (’ ).
Tato metoda recenzování je také užitečná pro recenzenty, kteří nemají Contribute.
Nebo v ovládacím panelu zadejte nové hodnoty Šířka a Výška.
Kódování UTF-8 je standardně zapnuto.
Zadejte vodorovnou a svislou hodnotu změny velikosti buď v procentech (například 90 %), nebo jako hodnotu vzdálenosti (například 6p).
Staticky zadávané jazyky, například C++ a Java, provádějí kontrolu typu v okamžiku kompilace.
Pokud chcete, aby se objekty na různých vrstvách zdály být průhledné, nastavte krytí jednotlivých objektů, ne celých vrstev.
Pokud v dokumentu aplikace InDesign vytvoříte záložku nebo kotvu, můžete nastavit tlačítko, aby přeskočilo na tuto kotvu, a to i z jiného dokumentu aplikace InDesign.
Obrazy JPEG s volbami Základní optimalizovaný a Progresivní nepodporují všechny prohlížeče webu.
Pokud budete během procesu odinstalování vyzváni k restartování počítače, učiňte tak.
Po vytvoření webové stránky s použitím předlohy se této stránce přiřadí pracovní postup spojený s touto předlohou.
Pracujte s monitorem, který je kalibrovaný a má vytvořený profil.
Nabídka Nástroje obsahuje podnabídky pro různé příkazy dostupné v jednotlivých součástech sady Creative Suite 4.
Můžete zobrazit všechny značky nebo pouze značky pro hypervazby nebo tagovaný text.
Klepněte na zaškrtávací pole, chcete‑li aplikovat současné nastavení bez zobrazení voleb efektu.
Zvolte jméno z rozbalovací nabídky Kontakt.
Následuje postup přidání komponenty ProgressBar do aplikace při vyvíjení.
Když se stránka zaplní textem, editor PDF k dokumentu automaticky přidá novou prázdnou stránku.
Když izolovaný režim ukončíte, v panelu Vrstvy se znovu objeví ostatní vrstvy a skupiny.
Rozdíl oproti webům, které ke správě uživatelů nepoužívají server CPS, je ten, že když se uživatel přihlásí k webu serveru CPS, služba Adresář uživatelů načte informace o připojení přiřazené k danému uživateli a poskytne přístup k webům přiřazeným uživateli správcem.
MSAA je technologie založená na Windows, která poskytuje standardizovanou platformu pro výměnu informací mezi asistenčními technologiemi, například programy pro čtení z obrazovky, a jinými aplikacemi.
Podrobné výukové lekce vám pomohou osvojit si práci s Acrobatem 9.
Klepnutím v obraze určete polohu prvního fixačního bodu.
Pravidelné vykonávání těchto úloh pomáhá zajistit, aby InDesign dokumenty otevřel, zobrazil a vytiskl dle očekávání.
Určuje, že standardní tagy HTML Odstavec, Nadpis1, Nadpis2, Nadpis 3, Nadpis 4, Nadpis 5 a Nadpis 6 budou dostupné v nabídce Styl.
Pokud potřebujete kompletní historii všech změn, prováděných v souborech, zvolte Podrobné.
Číslo udávající kmitočet snímků souboru FLV.
Výchozí počet vrácených stránek je tři.
Vlastnosti třídy IKMover vám umožňují omezit pohyb armatury.
Příkaz Automaticky zarovnat vrstvy může vrstvy automaticky zarovnávat na základě podobného obsahu v různých vrstvách, jako jsou rohy nebo okraje.
Určuje, že se objekty cest mají importovat uvnitř filmového klipu.
Webové stránky mohou obsahovat mnoho různých elementů – HTML text, bitmapové obrazy a vektorové grafiky představují několik příkladů.
Ve sloučeném dokumentu PDF následují převedené dokumenty jako po sobě jdoucí stránky dokumentu PDF.
Vyberte objekt nebo objekty, jejichž polohu chcete zamknout.
Průhlednost objektu masky ovlivňuje viditelnost maskovaného objektu.
Tato funkce je dostupná v těchto verzích prohlížeče a operačních systémech:
Dialogové okno Převést barvy převádí všechny barvy v dokumentu nebo všechny barvy pro určené typy objektů na cílový barevný prostor.
Tyto typy událostí nevyžadují vlastnosti instancí mimo těch definovaných ve třídě Event.
Chcete-li změnit body, pro výběr bodů lze použít nástroj pro přímý výběr; poté vyberte příkaz z nabídky Objekt > Cesty > Změnit bod.
Další informace o těchto tématech viz Přizpůsobování komponent uživatelského rozhraní.
Zvolte Objekt > Obtékání textu > Uvolnit.
Zarovnání určuje polohu odstavce textu vzhledem k okrajům jeho textového bloku.
Určete rozsah pro volby prolnutí:
Dialogové okno Prohlížeč certifikátu poskytuje následující informace:
Kompilátor nemá žádnou možnost zjistit, kterou třídu SampleCode použít.
Vytvoříte-li styl ze skupiny, jsou ve vytvořeném stylu definovány jen efekty.
Z nabídky zvolte náhled odděleného objektu proti barevnému pozadí nebo pozadí ve stupních šedi.
Pokud je tato volba vybraná, InDesign odesílá číselné hodnoty barev přímo na výstupní zařízení.
Můžete také vybrat snímek za rozsahem doplnění ve stejné vrstvě a stisknout klávesu F6.
Tato situace často nastane, jestliže se poslední hodnota v daném poli pro zbývající snímky nezmění.
Určuje velikost stopy nástroje.
V pracovní verzi umístěte textový kurzor do místa, kam chcete seznam přidat.
Volby vrcholů nastavují vzhled vrcholů (průsečíků mnohoúhelníků, ze kterých je vytvořen drátový model).
(Outlook) Zvolte Adobe PDF > Nastavení automatické archivace.
Instalace serveru CPS pomocí jednoduché instalace (UNIX):
Chcete-li řez rozdělit, vyberte ho a zvolte Objekt > Řez > Rozdělit řezy.
Chcete-li uložit existující dokument pod stejným názvem, zvolte Soubor > Uložit obsah.
Výchozí název obrazovky se používá jako název instance, který slouží k ovládání obrazovky v jazyku ActionScript.
Později tato data můžete znovu použít k opětovnému vyplnění jiného formuláře se stejnými poli a jejich názvy.
Váš správce programu Contribute může určit mezeru, kterou Contribute přidá mezi odstavce, pokud stisknete Enter nebo Return.
Tato dvě čísla vyjadřují hodnotu na ose x, resp. y.
Vyberte požadovaný tvar z rozbalovacího panelu Jiný tvar v pruhu voleb.
Nastaví společné účaří pro první řádky textu v buňkách v jedné řadě (ve výsledné tabulce HTML).
Komponentu přidáte do dokumentu tak, že ji přetáhnete z panelu Komponenty.
Chcete-li zapsat funkci posluchače pro událost click, definuje funkci posluchače s parametrem datového typu MouseEvent.
Případné budoucí úpravy dokumentu se budou provádět snadněji.
Zadejte název pro novou sadu a klepněte na Uložit.
Když je nástroj pero správně umístěn, zobrazí se vedle jeho ukazatele malý kroužek .
Postup opakujte, dokud nebude celý dceřiný zástupný text označený tagy.
Tipy se objeví, když je ukazatel chvíli bez pohybu nad polem formuláře.
Obrazovky jsou v jistých věcech podobné vnořeným filmovým klipům: Dceřiné obrazovky dědí chování svých rodičů a v ActionScriptu můžete pomocí cílových cest posílat zprávy z jedné obrazovky do druhé.
V Contribute se objeví dialogové okno Vložit dokument Microsoft Office.
Chcete-li uložit metadata jako předlohu, z rozbalovací nabídky nahoře v dialogovém okně zobrazujícím metadata zvolte Uložit předlohu metadat.
Na každý rámeček můžete aplikovat pouze jeden tag.
Definuje třídu znaku, která definuje možné shody pro jediný znak:
Při uvolnění tlačítka myši je vyvolána metoda stopDrag().
Pro více informací viz Možné problémy při práci s filtry.
V dialogovém okně Definice zakázek JDF vyberte definici zakázky a klepněte na Odeslat.
Klepněte na záložku Porty a pak klepněte na Přidat port.
Kruhové táhlo v pravém horním rohu textového pole.
Tuto metodu použijte, pokud chcete na vektorizovanou kresbu aplikovat výplně a tahy pomocí nástroje plechovka živé malby.
Například tyto řádky kódu změní objekt pojmenovaný myBall na částečně (50 procent) průhledný, jestliže na něj klepnete myší:
Vyšší přesnosti dosáhnete, když vyberete přehrávací hlavu a k vyhledání určitých bodů ve videu použijete levou a pravou klávesu se šipkami.
Například při sloučení dokumentů, které obsahují informace o různých společnostech, můžete pro každou společnost zahrnout obraz jejího loga.
Pokud jste v předchozím kroku vybrali Optimalizované originální obrazy nebo Optimalizované formátované obrazy, zvolte volby pro optimalizaci obrazů.
Podporuje atributy src a dur, jež definují název zdrojového souboru FLV a jeho délku.
InDesign zahrnuje několik přednastavených proměnných, jako je Datum vytvoření a Název souboru.
Požadujete‑li co nejlepší kvalitu tisku, je obecně nejlepší nejdříve nastavit rozměry a rozlišení bez převzorkování.
Vyberte ukotvený objekt nástrojem pro výběr a zvolte Objekt > Ukotvený objekt > Uvolnit.
Například manažeři výroby Jan Pokorný a Miroslav Lacina spolupracují na vývoji a uvádění produktů na trh se všemi týmy a musí tak mít možnost přispívat na všech webech.
Soubory aplikace Telnet lze nalézt ve složce Samples/Telnet.
Když importujete klíč připojení pro web, jedinými informacemi o připojení, které můžete upravit, jsou vaše jméno a vaše e-mailová adresa.
Klepnutím se stisknutou klávesou Shift nastavíte jako cíl operace další položky.
tato volba je stejná jako volba palety Adaptivní, pouze s tím rozdílem, že podobné barvy převádí na paletu 216 webových barev.
Pokud máte otočené zobrazení dvojstránky, pravděpodobně budete chtít změnit orientaci, aby se dvojstránky vytiskla správně.
Nástroj retušování pořadí čtení nabízí nejsnadnější a nejrychlejší způsob opravy pořadí čtení a základních problémů s tagováním.
Chcete‑li přechod uložit jako přednastavený přechod, klepněte po vytvoření přechodu na Nový.
Když importujete data z jiného souboru do formuláře PDF, nahradí importovaná data veškeré údaje, které se dříve vyskytovaly v jednotlivých polích formuláře.
Z tohoto důvodu je nutno pečlivě zvážit, jakou minimální úroveň počítačového vybavení mají mít všichni uživatelé získávající přístup video obsahu FLV.
Chcete-li aktualizovat všechny úlohy v aktuálním dokumentu, z nabídky panelu Úlohy zvolte Aktualizovat všechny úlohy.
Chcete-li diskutovat o dokumentu, zadejte zprávu do pole ve spodní části navigačního panelu Spolupracovat živě.
Pro dokument načtený do úrovně _level5 je zástupce _root totéž jako _level5 , když na něj míří odkaz filmového klipu, který je také na úrovni 5.
Velikost souboru závisí na rozměrech obrazu v obrazových bodech a na počtu vrstev obsažených v obrazu.
Chcete-li přidat mezeru mezi vybraná slova, stiskněte Alt+Ctrl+\\ (Windows) nebo Option+Command+\\ (Mac OS).
Zobrazí informace ze záznamu historie Adobe Photoshopu pro soubory uložené z Photoshopu.
Pokud specifikujete řetězec localhost, může mít jakýkoliv lokální soubor SWF přístup k tomuto souboru SWF.
Chcete-li zvolit jinou barvu zvýraznění, použijte nabídku Barva zvýraznění nahoře v okně Strom modelu.
Dříve než budete optimalizovat soubor, je dobré prověřit využití místa v souboru.
Naimportuje s dokumentem FreeHandu i vrstvu pozadí.
Jedním z následujících způsobů přejděte na stránku, která obsahuje odkaz na požadovaný zvukový nebo video soubor:
V panelu Atributy vyberte tvar obrazové mapy z nabídky Obrazová mapa.
V opačném případě je implicitní jméno staženého souboru názvem vašeho skriptu na straně serveru.
Příklad se zlatou kotvou označující, že snímek je pojmenovanou kotvou.
Přetáhněte symbol z knihovny do vymezené plochy.
Když do dokumentu přidáváte obrazovky, projevuje následující výchozí chování:
Stiskněte klávesu Alt a poklepáním uzavřete cestu přímým úsekem.
Mapu difúze můžete také vytvořit malováním přímo na model.
Klepnutím vyberte zakřivený segment.
Další informace o proměnných viz <<missing xref>>.
Vyberte jeden nebo více objektů na kreslicí ploše a zvolte Objekt > Řez > Vytvořit z výběru.
Ikona výstrahy se zobrazuje vedle kontroly v dialogovém okně Kontrola před výstupem.
Vodítka musí být viditelná, aby se k nim objekty přitahovaly.
Abyste dosáhli vysoké kvality animací, můžete každý snímek animace vykreslit pomocí nastavení vykreslení Vykreslit pro výsledný výstup.
Nakreslete objekt řezu.
Analyzuje v dokumentech v procesu podepisování obsah, který by mohl změnit vzhled dokumentu.
Zvolte Zobrazení > Zobrazovat > Řezy.
Umístěte ukazatel nad barevné spektrum (ukazatel se změní na kapátko) a klepnutím naberte vzorek barvy.
Vodorovné pravítko začíná od nuly na každé stránce ve dvojstránce.
Na panelu nástrojů v části Volby zkontrolujte tlačítko Globální, abyste se ujistili, zda je nástroj v požadovaném režimu.
Jaký kód příslušná chování obsahují?
SVG uloží jen aktivní kreslicí plátno, zobrazen je však obsah všech pláten.
Vlastnost type je řetězec, jehož hodnota je"event".
Ostatní mohou tento soubor pouze prohlížet v režimu pouze ke čtení.
Vrstvám v ořezové masce se přiřadí krytí a režim prolnutí základní vrstvy.
Podobně, vnořené prostory nemají žádný sémantický vztah s nadřazeným balíčkem.
Chcete-li rozšířit rozsah na požadovaný počet snímků, klepněte na Ano.
Klepněte pravým tlačítkem myši.
Zkontrolujte, že je soubor v původní aplikaci zavřený.
To vám umožní přístup k metadatům aktuálního videa kdykoliv a v celé aplikaci.
Na rozdíl od většiny vzorků barev, které se standardně vysekávají, vzorek černé se standardně přetiskuje, včetně všech černých tahů, výplní a znaků textu.
Nastaví výchozí režim náhledu pro dokument (tuto volbu můžete kdykoliv změnit pomocí nabídky Zobrazení):
Pokud je dokument navržen tak, aby se tisknul jinak, než se právě zobrazuje na obrazovce, může se v tiskovém dialogovém okně objevit zpráva.
Když posuzujete a korigujete obraz, oba panely vám při provádění úprav poskytnou neocenitelnou zpětnou vazbu.
Další informace viz loadSound (metoda Sound.loadSound) v dokumentu ActionScript 2.0 Language Reference (Referenční příručka jazyka ActionScript 2.0) nebo Sound Class (Třída Sound) v dokumentu ActionScript 3.0 Language and Components Reference (Referenční příručka jazyka ActionScript 3.0 a jeho komponent).
Experimentujte s těmito příklady, abyste se naučili více o hledání pomocí GREP.
Můžete také nastavit přechody stránek pro skupinu dokumentů s použitím příkazu Dávkové zpracování.
Uživatelské zásady pro hesla a certifikáty s veřejným klíčem se ukládají na váš lokální počítač.
Ikony se mohou objevit na textových a grafických rámečcích, panelu Úlohy a v pruhu článků (pouze v InCopy).
Barva, na kterou klepnete, se zobrazí v posuvníku s hodnotou 0 (nulové množství této barvy) dole a hodnotou 255 (maximální množství této barvy) nahoře.
V tomto umístění Flash Player text nedetekuje a program pro čtení z obrazovky ho nepřečte.
Relace ladění začne, když se ladicí přehrávač připojí k panelu Debugger jazyka ActionScript 3.0.
Tezaurus umožňuje rychle přejít zpět na libovolné z posledních 10 slov, které jste vyhledávali.
Tisk všech souborů PDF v portfoliu PDF nebo tisk pouze vybraných dílčích souborů PDF.
Výběr odznačte a ujistěte se, že ve vymezené ploše není nic vybráno.
Komponentu ProgressBar můžete použít také v ručním režimu nastavením vlastností maximum, minimum a value spolu s voláním metody ProgressBar.setProgress().
Určuje poloměr rohů pro zaoblené obdélníky.
Objektu XML lze přiřadit literál XML následujícím způsobem:
V následujícím příkladu jsou přidány položky, které uživatel zadá do textového pole upravitelné komponenty ComboBox.
Nastavení Křivky nebo Úrovně můžete použít k nastavení celkového tónového rozsahu obrazu.
Certifikát slouží k vytvoření bezpečného připojení a certifikáty s vlastním podpisem nejsou ověřeny třetí stranou, proto je vždy nutné je přijmout.
Řada síťových a e-mailových programů dlouhé názvy souborů zkrátí.
Když používáte řezy, pamatujte si tato základní pravidla:
Zvolte Efekt > Stylizovat > Prolnout okraje.
Efekt je podobný osvětlení kresby rozptýleným světlem.
V panelu dokumentu vyberte zvýrazněnou oblast.
V netagovaných dokumentech se pořadí čtení odhaduje, pokud není určené v předvolbách Čtení.
Poté, co nainstalujete nějaký doplněk nebo vytvoříte vlastní příkaz, Fireworks ho umístí do nabídky Příkazy.
Vyberte na plátně dvě nebo více instancí stejného grafického symbolu.
Výchozí jednotkou měření v aplikaci Illustrator jsou body (jeden bod se rovná 0,3528 milimetru).
Stupeň objevování se a mizení od začátku do konce.
Cílový snímek musí být v rozsahu doplnění.
Klepněte na tlačítko Výchozí, chcete‑li úhly rastrů vrátit zpět na výchozí hodnoty.
Mezi nejběžnější způsoby využití JavaScriptu ve formulářích patří formátování dat, výpočty dat, ověřování dat a přiřazování akcí.
To lze provést klepnutím na Orientovat podle cesty v inspektoru Vlastnosti doplnění pohybu.
Proto je každý tah vlastně třídou tahu a třídou výplně.
Soubor ve vybrané aplikaci pro úpravy obrazů uložte.
Klepnutím na tlačítko OK zavřete dialogové okno nebo vyberte jiné sady písma, které chcete vložit do souboru SWF.
Tlačítko Kreslení objektu slouží k přepínáním mezi slučovacím režimem a režimem kreslení objektu.
Výška vypočítá příslušný počet dlaždic, které se použijí pro výšku mozaiky, na základě původního počtu dlaždic pro výšku.
Zvětšením velikosti rohového efektu můžete posunout existující obtékání textu nebo vsazení rámečku dále od rámečku.
Každé pole s podpisem je jedinečné. Váš podpis proto nebude v dokumentu automaticky zkopírován z jednoho pole s podpisem do druhého.
Klepněte na Získat fotografie.
Instance vytvořené ze symbolu filmového klipu, na který jste aplikovali změnu měřítka s 9 řezy, lze transformovat, ale neměli byste je upravovat.
Mnoho z těchto nastavení lze změnit po importu souboru s použitím voleb na pruhu nástrojů 3D.
Do pole Název zadejte název formátu.
Nastavení okraje výplně s webovým rozkladem na Vyhlazení nebo Prolnutí okrajů vytvoří barvy, které nejsou bezpečné webové.
Určuje orientaci prolnutých objektů.
Složitý obraz pozadí: Aplikace, která obsahuje detailní a složitý obraz pozadí s vektorovými daty (například obraz, kde jste použili příkaz sledování bitmapy nebo kresba, kterou jste vytvořili v aplikaci Adobe Illustrator®).
Můžete odstranit jen ty webové stránky a položky blogu, které jste vytvořili při práci offline.
Chcete-li hledat ve více než jednom dokumentu, otevřete tyto dokumenty.
Prokazuje vaši identitu osobám a institucím, se kterými komunikujete elektronicky.
Každá předloha obsahuje následující prvky:
Zvolte z nabídky Verze jazyka ActionScript typ projektu, který byste chtěli vytvořit: ActionScript 3.0 nebo ActionScript 2.0.
Jestliže definujete hodnoty UVT, následuje hodnota T přímo za hodnotami UV definovanými pro vrchol.
Poté zváží jakákoliv nevyřízená volání metody Security.loadPolicyFile(), aby zjistil, zda jsou v rozsahu.
Volba Proxy FTP v dialogovém okně Předvolby se používá k zadání nebo změně hostitele a portu proxy FTP.
Malé názvy zobrazí užší řádky vzorníku.
Vlevo vyberte Digitální identifikátory a pak v pruhu nástrojů klepněte na tlačítko Přidat identifikátor.
Po přidání obrazu na stránku (viz Přidání obrazu na stránku ) můžete změnit jeho zobrazovací vlastnosti.
Zvolte Tabulka > Volby buňky > Text nebo zobrazte panel Tabulka.
Jazyk ActionScript 3.0 používá speciální třídy, nazvané třídy vloženého datového zdroje, pro reprezentaci vložených datových zdrojů.
Parametr použitý s metodou split() je v tomto případě znak tabulátoru ("\\t"), protože hodnoty v každé řádce jsou rozděleny znakem tabulátoru.
Chcete-li nastavit pokročilé volby, klepněte na Další volby a určete následující volby:
Pro kompresi JPEG2000 můžete také určit bezeztrátovou kompresi, při které se neodstraní žádná obrazová data.
Pokud není vybraný žádný text, aplikuje se nastavení na nově zapisovaný text.
Včleněné grafické rámečky můžete na rozdíl od ostatních rámečků posunout, zvětšit nebo zmenšit, otočit nebo zkosit.
© Copyright 1990, 1995 Van Dale Lexicografie bv © Copyright 1990, 1996 Všechna práva vyhrazena pro Proximity Technology, divizi společnosti Franklin Electronic Publishers, Inc. Burlington, New Jersey USA.
Viz Instalování písem.
(Vrstva je viditelná, když je zobrazená ikona oka, a skrytá, když ikona oka chybí.
Zvolte Soubor > Uložit jako předlohu.
Klepněte na ikonu Odstranit a pak klepnutím na OK zavřete dialogové okno.
V dialogovém okně Nový dokument v části Typ zvolte položku Soubor ActionScript.
Přetáhněte komponentu ProgressBar na vymezenou plochu a poklepejte na ni, aby se otevřel její panel ikon vzhledů.
Průzkumník filmu má mírně odlišnou funkcionalitu, když pracujete s obrazovkami.
Obraz z jiného zdroje můžete zkopírovat a vložit jej na svou stránku aplikace Contribute.
Tuto volbu vyberte, pokud jste digitální identifikátor získali jako elektronický soubor.
Ve výběru barvy výplně vyberte barvu #CC0099, aby se aplikovala na pozadí vzhledu selected_over.
Například pro reprodukci oranžové barvy na monitoru nebo tiskárně vyžaduje PDF alternativní barevný prostor (tvořený barvami RGB nebo CMYK), který definuje, jak tato přímá barva vypadá.
Internet Explorer používá tag HTML object k otevření souboru SWF; Netscape používá tag embed .
Klíčovou výhodou dědičnosti je to, že vám umožňuje znovu použít kód ze základní třídy a přesto ponechat stávající kód bez změn.
Proveďte jeden z následujících úkonů.
V případě potřeby importujte přeložený soubor XML do panelu Řetězce.
Zapnutím ukládání do vyrovnávací paměti u filmového klipu se vytvoří povrch , který má několik výhod, například pomáhá rychle vykreslovat složité vektorové animace.
Na stránce klepněte na odkaz Policies (Zásady).
V následujícím příkladu je použit časový posun k převedení data z místního času na UTC.
Když posunete rámeček pomocí nástroje pro výběr, obsah rámečku se posune spolu s rámečkem.
Úroveň 2 – Zapíná režim hardwarové akcelerace využívající GPU.
Vytvoří se nová poznámka.
Vedle vybrané kategorie se objeví zaškrtnutí.
Název instance cílového klipu, který se má přehrát.
Můžete použít následná volání metody addPage() k vytištění více objektů Sprite v rozsahu několika stránek.
Pokud rodina písem neobsahuje řezy, klepněte na tlačítko Faux Bold, Faux Italic nebo Podtržení, aby se nasimuloval řez.
Chcete-li přemístit celý popisek, klepněte buď na koncovou čáru nebo na okraj textového rámečku a přetáhněte ho.
Převede inteligentní objekt na rastrovou vrstvu.
Vložením nulové hodnoty vytvoříte hranaté rohy.
Zmenšete počet čar a bodů, které v souboru SWF používáte.
Odpojení souboru uloží obsah do dokumentu aplikace InDesign, ale obsah již nebude sdílený s InCopy.
Tyto dvě sady komponent nelze kombinovat.
Objeví se náhled vybraného návrhu.
Ve vymezené ploše postupně vyberte každou instanci objektu Přetažení nebo objektu Cíl.
Photoshop spočítá oblasti výběru a vloží číslo do sloupce Počet v paletě Záznam měření.
Otáčejte plátno, když obraz importujete obráceně nebo opačně.
Jestliže ke správě webu nepoužíváte server CPS, vyhledejte v tématu Posílání klíčů připojení pro weby informace o odesílání klíčů připojení.
Když se tlustá černá linka zobrazí v požadované poloze, uvolněte tlačítko myši.
Proto vyžadují externí soubory F4V a FLV méně paměti než vložené soubory videa.
Pokud je tato volba vybraná, může změna velikosti rámečku změnit počet sloupců, ale ne jejich šířku.
Zpráva o nekompatibilitě analyzuje možné nekompatibility mezi aplikacemi Illustrator a .
V souborech PSB se zachovají všechny vlastnosti souborů Photoshopu.
Pokud nemáte přístup k serveru Flash Media nebo službě FVSS nebo potřebujete video pouze pro web s menším provozem a s omezeným množství video obsahu, můžete zvážit postupné stahování .
Chcete-li vytvořit kompozice příkazem Sloučení fotografií, zvolte Soubor >Automaticky Sloučení fotografií a potom vyberte zdrojové soubory a potom určete volby rozložení a prolnutí.
Nastaví mezery mezi dlaždicemi.
Tyto metody kódují hodnoty C# do formátu XML externího rozhraní a dekódují XML do objektů C#.
Adobe Design Center nabízí články, inspiraci a návody od odborníků z oboru, špičkových návrhářů a partnerů Adobe.
standardně podporuje 100 kroků pro nabídku příkazu Zpět.
Pokud dialogové okno zobrazuje volby importu pro typ souboru, který umísťujete, vyberte libovolné požadované volby a klepněte na OK.
Chcete-li však použít stejný kód v jiném projektu Flex, musíte nakopírovat a vložit kód do nového souboru.
Flash obsahuje samostatný debugger pro ActionScript 3.0, který funguje trochu jinak než debugger ActionScriptu 2.0.
V záložce Všeobecné jsou volby pro určení způsobu zobrazení prvků dialogového okna a výsledků kontroly před výstupem:
Zadejte text odkazu do textového pole Odkaz, pokud jste v pracovní verzi nevybrali text nebo odkaz.
Když přepnete na prohlížení, Contribute nebude publikovat vaši pracovní verzi.
Zkontrolujte, že na každé pracovní stanici ve skupině je nainstalovaný a přidaný stejně upravený uživatelský slovník, aby se pro dokument používala stejná pravidla dělení slov a kontroly pravopisu bez ohledu na to, kdo s ním pracuje.
Chcete-li původní symbol nahradit touto upravenou verzí, se stisknutou klávesou Alt (Windows) nebo Option (Mac OS) přetáhněte upravený symbol na starý symbol v panelu Symboly.
Vyberte cílový snímek nebo snímky v současné animaci nebo v jiné animaci.
Pokud Dreamweaver není nainstalovaný, Contribute použije výchozí systémový textový editor (Poznámkový blok ve Windows nebo TextEdit v Mac OS).
(Volitelně) Klepnutím na tlačítko Přepnout průsvitky můžete zapnout zobrazování průsvitek.
Zvolte Podle CID/GID nebo Podle Unicode, abyste určili, jak se glyfy v panelu Glyfy seřadí.
Svůj výběr potvrďte v zobrazeném dialogovém okně.
Položky s těmito křížovými odkazy neobsahují odkazy na stránky; jednoduše ukazují na ekvivalentní termíny, které jsou v rejstříku zahrnuty.
Nebo může autor cílového dokumentu přetáhnout sdílené položky ze zaslaného zdrojového dokumentu do knihovny cílového dokumentu.
Tato funkce přijímá objekt a může být použita s indexovanými poli i asociativními poli, viz následující kód:
Určuje globální registrační bod pro vytvářené filmy.
Je snadné si určité číslo představit jako nějakou barvu, ale tyto číselné hodnoty nejsou samy o sobě absolutními barvami – mají barevný význam pouze v rámci barevného prostoru zařízení, které barvu vytváří.
Webové stránky nebo položky blogu můžete jen prohlížet a vytvářet.
Zahrnuje vlastnosti pro přístup k informacím z ICC profilu vloženého ve výstupním záměru.
Vyberte Žádný z rozbalovací nabídky Kategorie tahu v inspektoru Vlastnosti nebo v rozbalovacím okně Volby tahu.
Po vložení souboru z počítače aplikace Contribute zapíše odkaz před publikováním v režimu úprav ve formátu adresy URL „file:///“.
Velikost vlastního textu se změní tak, aby se vešel do zredigované oblasti.
Chcete-li sekvenci po jejím převedení na filmový klip odstranit, zvolte Vyjmout snímky.
V závislosti na tiskárně a velikosti její paměti může být křivka příliš složitá pro rastrování interpretem PostScriptu.
V části Nahradit za v poli Název zadejte název souboru zvuku, videa nebo bitmapy, případně název vyberte z rozbalovací nabídky.
Znaménko zaškrtnutí, pod kterým je v panelu Průzkumník filmu trojúhelník, označujte nabídku Panel.
Aplikace Flash Player a AIR používají techniku nazvanou čištění uvolněné paměti k odstranění objektů z paměti, které již nejsou používány.
Při příštím otevření se portfolio PDF zobrazí v zadaném počátečním pořadí.
Znovu spusťte aplikaci Adobe Bridge.
Políčko Registrační je zabudované políčko, které způsobí, že objekty vyplněné nebo vytažené touto barvou vytiskne PostScriptová tiskárna na všechny výtažky.
Ani pro instance dynamických tříd nemůžete iterovat žádnou pevnou vlastnosti, která je vlastností definovanou jako součást definice třídy.
Klepněte na tlačítko Nový .
Třída NetStream určuje následující události metadat, ke kterým může dojít během přehrávání: onCuePoint (pouze soubory FLV), onImageData, onMetaData, onPlayStatus, onTextDataa onXMPData.
Proměnná str je deklarovaná jako public, takže kód je sestaven a běží tak, jak je ukázáno v následujícím výpise:
Pokud jste svůj nový software ještě nenainstalovali, začněte tím, že si přečtete informace o instalaci a dalších předběžných úkonech.
V libovolné aplikaci vytvořte jednostránkový dokument s požadovaným písmem.
Pro obrazy s 8 bity na kanál lze většinu filtrů aplikovat najednou s použitím Galerie filtrů.
Přestože můžete přepsat nastavení definovaná ve stylu, nepřerušíte tím propojení se stylem.
Obsahuje webové objekty jako řezy a aktivní oblasti, které přiřazují interaktivitu exportovaným dokumentům Fireworks.
Chcete-li vytvořit vazbu na materiál, zadejte také název materiálu pro část nebo části, ve kterých chcete materiál zobrazit.
(Volitelně) Pokud budete vyzváni, zadejte heslo.
Dialogové okno Vlastnosti obrazu se používá ke změně vlastností obrazu.
Přiřadí daný objekt k v.
Tímto způsobem můžete vytvořit znakový styl, který při aplikování na text změní pouze některé atributy, například rodinu a velikost písma, a bude ignorovat všechny ostatní znakové atributy.
V panelu Stránky souboru PDF, který obsahuje náhradní stránky, vyberte stránku nebo skupinu stránek:
Umožňují pohyb v řádku doleva a doprava.
Jednotlivý rámec v sadě rámců se zobrazí v aplikaci Contribute bez vašich změn.
Formát EPS se používá pro přenos kreseb v jazyce PostScript mezi aplikacemi.
Po zavolání metoda vrátí nový objekt BitmapData, který je přesným klonem původní instance, ze které byl zkopírován.
Zadejte adresu URL, na kterou chcete uživatele přesměrovat.
Odstranění nežádoucích nebo náhodných objektů z řady statických fotografií nebo řady snímků videa.
Výukové video o režimu Skriptovací asistent najdete na http://www.adobe.com/go/vid0131_cz www.adobe.com/go/vid0131_cz .
Exportované údaje můžete měnit zadáním nastavení.
Záhlaví a zápatí obsahují jednotné informace zobrazované v okrajích stránek v rámci celého PDF.
Vyberte jednu nebo více záložek a pak klepněte na výběr pravým tlačítkem.
Nezapomeňte však, že se jedná pouze o počáteční stav objektu sphere - obsah prvního obrazu, který je nakopírován do objektu sphere.
(tečka) a - (pomlčka).
